Archive member included to satisfy reference by file (symbol)

C:/ST/STM32CubeIDE_1.14.0/STM32CubeIDE/plugins/com.st.stm32cube.ide.mcu.externaltools.gnu-tools-for-stm32.11.3.rel1.win32_1.1.100.202309141235/tools/bin/../lib/gcc/arm-none-eabi/11.3.1/../../../../arm-none-eabi/lib/thumb/v7e-m+fp/hard\libc_nano.a(libc_a-exit.o)
                              C:/ST/STM32CubeIDE_1.14.0/STM32CubeIDE/plugins/com.st.stm32cube.ide.mcu.externaltools.gnu-tools-for-stm32.11.3.rel1.win32_1.1.100.202309141235/tools/bin/../lib/gcc/arm-none-eabi/11.3.1/../../../../arm-none-eabi/lib/thumb/v7e-m+fp/hard/crt0.o (exit)
C:/ST/STM32CubeIDE_1.14.0/STM32CubeIDE/plugins/com.st.stm32cube.ide.mcu.externaltools.gnu-tools-for-stm32.11.3.rel1.win32_1.1.100.202309141235/tools/bin/../lib/gcc/arm-none-eabi/11.3.1/../../../../arm-none-eabi/lib/thumb/v7e-m+fp/hard\libc_nano.a(libc_a-findfp.o)
                              C:/ST/STM32CubeIDE_1.14.0/STM32CubeIDE/plugins/com.st.stm32cube.ide.mcu.externaltools.gnu-tools-for-stm32.11.3.rel1.win32_1.1.100.202309141235/tools/bin/../lib/gcc/arm-none-eabi/11.3.1/../../../../arm-none-eabi/lib/thumb/v7e-m+fp/hard\libc_nano.a(libc_a-exit.o) (__stdio_exit_handler)
C:/ST/STM32CubeIDE_1.14.0/STM32CubeIDE/plugins/com.st.stm32cube.ide.mcu.externaltools.gnu-tools-for-stm32.11.3.rel1.win32_1.1.100.202309141235/tools/bin/../lib/gcc/arm-none-eabi/11.3.1/../../../../arm-none-eabi/lib/thumb/v7e-m+fp/hard\libc_nano.a(libc_a-fwalk.o)
                              C:/ST/STM32CubeIDE_1.14.0/STM32CubeIDE/plugins/com.st.stm32cube.ide.mcu.externaltools.gnu-tools-for-stm32.11.3.rel1.win32_1.1.100.202309141235/tools/bin/../lib/gcc/arm-none-eabi/11.3.1/../../../../arm-none-eabi/lib/thumb/v7e-m+fp/hard\libc_nano.a(libc_a-findfp.o) (_fwalk_sglue)
C:/ST/STM32CubeIDE_1.14.0/STM32CubeIDE/plugins/com.st.stm32cube.ide.mcu.externaltools.gnu-tools-for-stm32.11.3.rel1.win32_1.1.100.202309141235/tools/bin/../lib/gcc/arm-none-eabi/11.3.1/../../../../arm-none-eabi/lib/thumb/v7e-m+fp/hard\libc_nano.a(libc_a-puts.o)
                              ./Core/Src/dht11.o (puts)
C:/ST/STM32CubeIDE_1.14.0/STM32CubeIDE/plugins/com.st.stm32cube.ide.mcu.externaltools.gnu-tools-for-stm32.11.3.rel1.win32_1.1.100.202309141235/tools/bin/../lib/gcc/arm-none-eabi/11.3.1/../../../../arm-none-eabi/lib/thumb/v7e-m+fp/hard\libc_nano.a(libc_a-sprintf.o)
                              ./Core/Src/main.o (sprintf)
C:/ST/STM32CubeIDE_1.14.0/STM32CubeIDE/plugins/com.st.stm32cube.ide.mcu.externaltools.gnu-tools-for-stm32.11.3.rel1.win32_1.1.100.202309141235/tools/bin/../lib/gcc/arm-none-eabi/11.3.1/../../../../arm-none-eabi/lib/thumb/v7e-m+fp/hard\libc_nano.a(libc_a-sscanf.o)
                              ./Core/Src/main.o (sscanf)
C:/ST/STM32CubeIDE_1.14.0/STM32CubeIDE/plugins/com.st.stm32cube.ide.mcu.externaltools.gnu-tools-for-stm32.11.3.rel1.win32_1.1.100.202309141235/tools/bin/../lib/gcc/arm-none-eabi/11.3.1/../../../../arm-none-eabi/lib/thumb/v7e-m+fp/hard\libc_nano.a(libc_a-stdio.o)
                              C:/ST/STM32CubeIDE_1.14.0/STM32CubeIDE/plugins/com.st.stm32cube.ide.mcu.externaltools.gnu-tools-for-stm32.11.3.rel1.win32_1.1.100.202309141235/tools/bin/../lib/gcc/arm-none-eabi/11.3.1/../../../../arm-none-eabi/lib/thumb/v7e-m+fp/hard\libc_nano.a(libc_a-findfp.o) (__sread)
C:/ST/STM32CubeIDE_1.14.0/STM32CubeIDE/plugins/com.st.stm32cube.ide.mcu.externaltools.gnu-tools-for-stm32.11.3.rel1.win32_1.1.100.202309141235/tools/bin/../lib/gcc/arm-none-eabi/11.3.1/../../../../arm-none-eabi/lib/thumb/v7e-m+fp/hard\libc_nano.a(libc_a-wbuf.o)
                              C:/ST/STM32CubeIDE_1.14.0/STM32CubeIDE/plugins/com.st.stm32cube.ide.mcu.externaltools.gnu-tools-for-stm32.11.3.rel1.win32_1.1.100.202309141235/tools/bin/../lib/gcc/arm-none-eabi/11.3.1/../../../../arm-none-eabi/lib/thumb/v7e-m+fp/hard\libc_nano.a(libc_a-puts.o) (__swbuf_r)
C:/ST/STM32CubeIDE_1.14.0/STM32CubeIDE/plugins/com.st.stm32cube.ide.mcu.externaltools.gnu-tools-for-stm32.11.3.rel1.win32_1.1.100.202309141235/tools/bin/../lib/gcc/arm-none-eabi/11.3.1/../../../../arm-none-eabi/lib/thumb/v7e-m+fp/hard\libc_nano.a(libc_a-wsetup.o)
                              C:/ST/STM32CubeIDE_1.14.0/STM32CubeIDE/plugins/com.st.stm32cube.ide.mcu.externaltools.gnu-tools-for-stm32.11.3.rel1.win32_1.1.100.202309141235/tools/bin/../lib/gcc/arm-none-eabi/11.3.1/../../../../arm-none-eabi/lib/thumb/v7e-m+fp/hard\libc_nano.a(libc_a-puts.o) (__swsetup_r)
C:/ST/STM32CubeIDE_1.14.0/STM32CubeIDE/plugins/com.st.stm32cube.ide.mcu.externaltools.gnu-tools-for-stm32.11.3.rel1.win32_1.1.100.202309141235/tools/bin/../lib/gcc/arm-none-eabi/11.3.1/../../../../arm-none-eabi/lib/thumb/v7e-m+fp/hard\libc_nano.a(libc_a-memset.o)
                              C:/ST/STM32CubeIDE_1.14.0/STM32CubeIDE/plugins/com.st.stm32cube.ide.mcu.externaltools.gnu-tools-for-stm32.11.3.rel1.win32_1.1.100.202309141235/tools/bin/../lib/gcc/arm-none-eabi/11.3.1/../../../../arm-none-eabi/lib/thumb/v7e-m+fp/hard/crt0.o (memset)
[...]
Memory Configuration

Name             Origin             Length             Attributes
RAM              0x0000000020000000 0x0000000000020000 xrw
FLASH            0x0000000008000000 0x0000000000080000 xr
*default*        0x0000000000000000 0xffffffffffffffff

Linker script and memory map

LOAD C:/ST/STM32CubeIDE_1.14.0/STM32CubeIDE/plugins/com.st.stm32cube.ide.mcu.externaltools.gnu-tools-for-stm32.11.3.rel1.win32_1.1.100.202309141235/tools/bin/../lib/gcc/arm-none-eabi/11.3.1/thumb/v7e-m+fp/hard/crti.o
LOAD C:/ST/STM32CubeIDE_1.14.0/STM32CubeIDE/plugins/com.st.stm32cube.ide.mcu.externaltools.gnu-tools-for-stm32.11.3.rel1.win32_1.1.100.202309141235/tools/bin/../lib/gcc/arm-none-eabi/11.3.1/thumb/v7e-m+fp/hard/crtbegin.o
LOAD C:/ST/STM32CubeIDE_1.14.0/STM32CubeIDE/plugins/com.st.stm32cube.ide.mcu.externaltools.gnu-tools-for-stm32.11.3.rel1.win32_1.1.100.202309141235/tools/bin/../lib/gcc/arm-none-eabi/11.3.1/../../../../arm-none-eabi/lib/thumb/v7e-m+fp/hard/crt0.o
LOAD ./Core/Src/adc.o
LOAD ./Core/Src/dht11.o
LOAD ./Core/Src/freertos.o
LOAD ./Core/Src/main.o
LOAD ./Core/Src/stm32f4xx_hal_msp.o
LOAD ./Core/Src/stm32f4xx_it.o
LOAD ./Core/Src/syscalls.o
LOAD ./Core/Src/sysmem.o
LOAD ./Core/Src/system_stm32f4xx.o
LOAD ./Core/Startup/startup_stm32f411retx.o
LOAD ./Drivers/STM32F4xx_HAL_Driver/Src/stm32f4xx_hal.o
LOAD ./Drivers/STM32F4xx_HAL_Driver/Src/stm32f4xx_hal_adc.o
LOAD ./Drivers/STM32F4xx_HAL_Driver/Src/stm32f4xx_hal_adc_ex.o
LOAD ./Drivers/STM32F4xx_HAL_Driver/Src/stm32f4xx_hal_cortex.o
LOAD ./Drivers/STM32F4xx_HAL_Driver/Src/stm32f4xx_hal_dma.o
LOAD ./Drivers/STM32F4xx_HAL_Driver/Src/stm32f4xx_hal_dma_ex.o
LOAD ./Drivers/STM32F4xx_HAL_Driver/Src/stm32f4xx_hal_exti.o
LOAD ./Drivers/STM32F4xx_HAL_Driver/Src/stm32f4xx_hal_flash.o
LOAD ./Drivers/STM32F4xx_HAL_Driver/Src/stm32f4xx_hal_flash_ex.o
LOAD ./Drivers/STM32F4xx_HAL_Driver/Src/stm32f4xx_hal_flash_ramfunc.o
LOAD ./Drivers/STM32F4xx_HAL_Driver/Src/stm32f4xx_hal_gpio.o
LOAD ./Drivers/STM32F4xx_HAL_Driver/Src/stm32f4xx_hal_pwr.o
LOAD ./Drivers/STM32F4xx_HAL_Driver/Src/stm32f4xx_hal_pwr_ex.o
LOAD ./Drivers/STM32F4xx_HAL_Driver/Src/stm32f4xx_hal_rcc.o
LOAD ./Drivers/STM32F4xx_HAL_Driver/Src/stm32f4xx_hal_rcc_ex.o
LOAD ./Drivers/STM32F4xx_HAL_Driver/Src/stm32f4xx_hal_tim.o
LOAD ./Drivers/STM32F4xx_HAL_Driver/Src/stm32f4xx_hal_tim_ex.o
LOAD ./Drivers/STM32F4xx_HAL_Driver/Src/stm32f4xx_hal_uart.o
LOAD ./Drivers/STM32F4xx_HAL_Driver/Src/stm32f4xx_ll_adc.o
LOAD ./Middlewares/Third_Party/FreeRTOS/Source/CMSIS_RTOS_V2/cmsis_os2.o
LOAD ./Middlewares/Third_Party/FreeRTOS/Source/croutine.o
LOAD ./Middlewares/Third_Party/FreeRTOS/Source/event_groups.o
LOAD ./Middlewares/Third_Party/FreeRTOS/Source/list.o
LOAD ./Middlewares/Third_Party/FreeRTOS/Source/queue.o
LOAD ./Middlewares/Third_Party/FreeRTOS/Source/stream_buffer.o
LOAD ./Middlewares/Third_Party/FreeRTOS/Source/tasks.o
LOAD ./Middlewares/Third_Party/FreeRTOS/Source/timers.o
LOAD ./Middlewares/Third_Party/FreeRTOS/Source/portable/GCC/ARM_CM4F/port.o
LOAD ./Middlewares/Third_Party/FreeRTOS/Source/portable/MemMang/heap_4.o
START GROUP
LOAD C:/ST/STM32CubeIDE_1.14.0/STM32CubeIDE/plugins/com.st.stm32cube.ide.mcu.externaltools.gnu-tools-for-stm32.11.3.rel1.win32_1.1.100.202309141235/tools/bin/../lib/gcc/arm-none-eabi/11.3.1/../../../../arm-none-eabi/lib/thumb/v7e-m+fp/hard\libc_nano.a
LOAD C:/ST/STM32CubeIDE_1.14.0/STM32CubeIDE/plugins/com.st.stm32cube.ide.mcu.externaltools.gnu-tools-for-stm32.11.3.rel1.win32_1.1.100.202309141235/tools/bin/../lib/gcc/arm-none-eabi/11.3.1/../../../../arm-none-eabi/lib/thumb/v7e-m+fp/hard\libm.a
END GROUP
START GROUP
LOAD C:/ST/STM32CubeIDE_1.14.0/STM32CubeIDE/plugins/com.st.stm32cube.ide.mcu.externaltools.gnu-tools-for-stm32.11.3.rel1.win32_1.1.100.202309141235/tools/bin/../lib/gcc/arm-none-eabi/11.3.1/thumb/v7e-m+fp/hard\libgcc.a
LOAD C:/ST/STM32CubeIDE_1.14.0/STM32CubeIDE/plugins/com.st.stm32cube.ide.mcu.externaltools.gnu-tools-for-stm32.11.3.rel1.win32_1.1.100.202309141235/tools/bin/../lib/gcc/arm-none-eabi/11.3.1/../../../../arm-none-eabi/lib/thumb/v7e-m+fp/hard\libc_nano.a
END GROUP
START GROUP
LOAD C:/ST/STM32CubeIDE_1.14.0/STM32CubeIDE/plugins/com.st.stm32cube.ide.mcu.externaltools.gnu-tools-for-stm32.11.3.rel1.win32_1.1.100.202309141235/tools/bin/../lib/gcc/arm-none-eabi/11.3.1/thumb/v7e-m+fp/hard\libgcc.a
LOAD C:/ST/STM32CubeIDE_1.14.0/STM32CubeIDE/plugins/com.st.stm32cube.ide.mcu.externaltools.gnu-tools-for-stm32.11.3.rel1.win32_1.1.100.202309141235/tools/bin/../lib/gcc/arm-none-eabi/11.3.1/../../../../arm-none-eabi/lib/thumb/v7e-m+fp/hard\libc_nano.a
LOAD C:/ST/STM32CubeIDE_1.14.0/STM32CubeIDE/plugins/com.st.stm32cube.ide.mcu.externaltools.gnu-tools-for-stm32.11.3.rel1.win32_1.1.100.202309141235/tools/bin/../lib/gcc/arm-none-eabi/11.3.1/../../../../arm-none-eabi/lib/thumb/v7e-m+fp/hard\libnosys.a
END GROUP
START GROUP
LOAD C:/ST/STM32CubeIDE_1.14.0/STM32CubeIDE/plugins/com.st.stm32cube.ide.mcu.externaltools.gnu-tools-for-stm32.11.3.rel1.win32_1.1.100.202309141235/tools/bin/../lib/gcc/arm-none-eabi/11.3.1/thumb/v7e-m+fp/hard\libgcc.a
LOAD C:/ST/STM32CubeIDE_1.14.0/STM32CubeIDE/plugins/com.st.stm32cube.ide.mcu.externaltools.gnu-tools-for-stm32.11.3.rel1.win32_1.1.100.202309141235/tools/bin/../lib/gcc/arm-none-eabi/11.3.1/../../../../arm-none-eabi/lib/thumb/v7e-m+fp/hard\libc_nano.a
LOAD C:/ST/STM32CubeIDE_1.14.0/STM32CubeIDE/plugins/com.st.stm32cube.ide.mcu.externaltools.gnu-tools-for-stm32.11.3.rel1.win32_1.1.100.202309141235/tools/bin/../lib/gcc/arm-none-eabi/11.3.1/../../../../arm-none-eabi/lib/thumb/v7e-m+fp/hard\libnosys.a
END GROUP
LOAD C:/ST/STM32CubeIDE_1.14.0/STM32CubeIDE/plugins/com.st.stm32cube.ide.mcu.externaltools.gnu-tools-for-stm32.11.3.rel1.win32_1.1.100.202309141235/tools/bin/../lib/gcc/arm-none-eabi/11.3.1/thumb/v7e-m+fp/hard/crtend.o
LOAD C:/ST/STM32CubeIDE_1.14.0/STM32CubeIDE/plugins/com.st.stm32cube.ide.mcu.externaltools.gnu-tools-for-stm32.11.3.rel1.win32_1.1.100.202309141235/tools/bin/../lib/gcc/arm-none-eabi/11.3.1/thumb/v7e-m+fp/hard/crtn.o
                0x0000000020020000                _estack = (ORIGIN (RAM) + LENGTH (RAM))
                0x0000000000000200                _Min_Heap_Size = 0x200
                0x0000000000000400                _Min_Stack_Size = 0x400

.isr_vector     0x0000000008000000      0x198
                0x0000000008000000                . = ALIGN (0x4)
 *(.isr_vector)
 .isr_vector    0x0000000008000000      0x198 ./Core/Startup/startup_stm32f411retx.o
                0x0000000008000000                g_pfnVectors
                0x0000000008000198                . = ALIGN (0x4)

.text           0x00000000080001a0     0xa420
                0x00000000080001a0                . = ALIGN (0x4)
 *(.text)
 .text          0x00000000080001a0       0x40 C:/ST/STM32CubeIDE_1.14.0/STM32CubeIDE/plugins/com.st.stm32cube.ide.mcu.externaltools.gnu-tools-for-stm32.11.3.rel1.win32_1.1.100.202309141235/tools/bin/../lib/gcc/arm-none-eabi/11.3.1/thumb/v7e-m+fp/hard/crtbegin.o
 .text          0x00000000080001e0       0x10 C:/ST/STM32CubeIDE_1.14.0/STM32CubeIDE/plugins/com.st.stm32cube.ide.mcu.externaltools.gnu-tools-for-stm32.11.3.rel1.win32_1.1.100.202309141235/tools/bin/../lib/gcc/arm-none-eabi/11.3.1/../../../../arm-none-eabi/lib/thumb/v7e-m+fp/hard\libc_nano.a(libc_a-strlen.o)
                0x00000000080001e0                strlen
 .text          0x00000000080001f0       0xa0 C:/ST/STM32CubeIDE_1.14.0/STM32CubeIDE/plugins/com.st.stm32cube.ide.mcu.externaltools.gnu-tools-for-stm32.11.3.rel1.win32_1.1.100.202309141235/tools/bin/../lib/gcc/arm-none-eabi/11.3.1/../../../../arm-none-eabi/lib/thumb/v7e-m+fp/hard\libc_nano.a(libc_a-memchr.o)
                0x00000000080001f0                memchr
 .text          0x0000000008000290      0x254 C:/ST/STM32CubeIDE_1.14.0/STM32CubeIDE/plugins/com.st.stm32cube.ide.mcu.externaltools.gnu-tools-for-stm32.11.3.rel1.win32_1.1.100.202309141235/tools/bin/../lib/gcc/arm-none-eabi/11.3.1/thumb/v7e-m+fp/hard\libgcc.a(_arm_muldf3.o)
                0x0000000008000290                __muldf3
                0x0000000008000290                __aeabi_dmul
 .text          0x00000000080004e4      0x378 C:/ST/STM32CubeIDE_1.14.0/STM32CubeIDE/plugins/com.st.stm32cube.ide.mcu.externaltools.gnu-tools-for-stm32.11.3.rel1.win32_1.1.100.202309141235/tools/bin/../lib/gcc/arm-none-eabi/11.3.1/thumb/v7e-m+fp/hard\libgcc.a(_arm_addsubdf3.o)
                0x00000000080004e4                __aeabi_drsub
                0x00000000080004ec                __aeabi_dsub
                0x00000000080004ec                __subdf3
                0x00000000080004f0                __aeabi_dadd
                0x00000000080004f0                __adddf3
                0x0000000008000768                __floatunsidf
                0x0000000008000768                __aeabi_ui2d
                0x0000000008000788                __floatsidf
                0x0000000008000788                __aeabi_i2d
                0x00000000080007ac                __aeabi_f2d
                0x00000000080007ac                __extendsfdf2
                0x00000000080007f0                __floatundidf
                0x00000000080007f0                __aeabi_ul2d
                0x0000000008000800                __floatdidf
                0x0000000008000800                __aeabi_l2d
 .text          0x000000000800085c       0x40 C:/ST/STM32CubeIDE_1.14.0/STM32CubeIDE/plugins/com.st.stm32cube.ide.mcu.externaltools.gnu-tools-for-stm32.11.3.rel1.win32_1.1.100.202309141235/tools/bin/../lib/gcc/arm-none-eabi/11.3.1/thumb/v7e-m+fp/hard\libgcc.a(_arm_fixunsdfsi.o)
                0x000000000800085c                __aeabi_d2uiz
                0x000000000800085c                __fixunsdfsi
 .text          0x000000000800089c       0x30 C:/ST/STM32CubeIDE_1.14.0/STM32CubeIDE/plugins/com.st.stm32cube.ide.mcu.externaltools.gnu-tools-for-stm32.11.3.rel1.win32_1.1.100.202309141235/tools/bin/../lib/gcc/arm-none-eabi/11.3.1/thumb/v7e-m+fp/hard\libgcc.a(_aeabi_uldivmod.o)
                0x000000000800089c                __aeabi_uldivmod
 .text          0x00000000080008cc      0x2c8 C:/ST/STM32CubeIDE_1.14.0/STM32CubeIDE/plugins/com.st.stm32cube.ide.mcu.externaltools.gnu-tools-for-stm32.11.3.rel1.win32_1.1.100.202309141235/tools/bin/../lib/gcc/arm-none-eabi/11.3.1/thumb/v7e-m+fp/hard\libgcc.a(_udivmoddi4.o)
                0x00000000080008cc                __udivmoddi4
 .text          0x0000000008000b94        0x4 C:/ST/STM32CubeIDE_1.14.0/STM32CubeIDE/plugins/com.st.stm32cube.ide.mcu.externaltools.gnu-tools-for-stm32.11.3.rel1.win32_1.1.100.202309141235/tools/bin/../lib/gcc/arm-none-eabi/11.3.1/thumb/v7e-m+fp/hard\libgcc.a(_dvmd_tls.o)
                0x0000000008000b94                __aeabi_idiv0
                0x0000000008000b94                __aeabi_ldiv0
 *(.text*)
 .text.readAnalogA0
                0x0000000008000b98       0x30 ./Core/Src/adc.o
                0x0000000008000b98                readAnalogA0
 .text.getWaterLevel
                0x0000000008000bc8       0x58 ./Core/Src/adc.o
                0x0000000008000bc8                getWaterLevel
 .text.bit_value
                0x0000000008000c20       0x3c ./Core/Src/dht11.o
                0x0000000008000c20                bit_value
 .text.datos_value
                0x0000000008000c5c       0x42 ./Core/Src/dht11.o
                0x0000000008000c5c                datos_value
 *fill*         0x0000000008000c9e        0x2 
 .text.maquinaDeEstados
                0x0000000008000ca0      0x100 ./Core/Src/dht11.o
                0x0000000008000ca0                maquinaDeEstados
 .text.lectura_Buff
                0x0000000008000da0      0x108 ./Core/Src/dht11.o
                0x0000000008000da0                lectura_Buff
 .text.DHT11_Delay
                0x0000000008000ea8       0x38 ./Core/Src/dht11.o
                0x0000000008000ea8                DHT11_Delay
 .text.DHT11_Init
                0x0000000008000ee0       0x4e ./Core/Src/dht11.o
                0x0000000008000ee0                DHT11_Init
 .text.DHT11_ReadData
                0x0000000008000f2e      0x25e ./Core/Src/dht11.o
                0x0000000008000f2e                DHT11_ReadData
 .text.main     0x000000000800118c      0x18c ./Core/Src/main.o
                0x000000000800118c                main
 .text.SystemClock_Config
                0x0000000008001318       0xd4 ./Core/Src/main.o
                0x0000000008001318                SystemClock_Config
 .text.MX_ADC1_Init
                0x00000000080013ec       0xa8 ./Core/Src/main.o
 .text.MX_TIM10_Init
                0x0000000008001494       0x48 ./Core/Src/main.o
 .text.MX_TIM11_Init
                0x00000000080014dc       0x48 ./Core/Src/main.o
 .text.MX_USART2_UART_Init
                0x0000000008001524       0x54 ./Core/Src/main.o
 .text.MX_GPIO_Init
                0x0000000008001578      0x108 ./Core/Src/main.o
 .text.HAL_UART_RxCpltCallback
                0x0000000008001680       0x24 ./Core/Src/main.o
                0x0000000008001680                HAL_UART_RxCpltCallback
 .text.HAL_GPIO_EXTI_Callback
                0x00000000080016a4       0x38 ./Core/Src/main.o
                0x00000000080016a4                HAL_GPIO_EXTI_Callback
 .text.leerWaterArea
                0x00000000080016dc       0x38 ./Core/Src/main.o
                0x00000000080016dc                leerWaterArea
 .text.escribirWaterArea
                0x0000000008001714       0x38 ./Core/Src/main.o
                0x0000000008001714                escribirWaterArea
 .text.leerDelay
                0x000000000800174c       0x34 ./Core/Src/main.o
                0x000000000800174c                leerDelay
 .text.escribirDelay
                0x0000000008001780       0x34 ./Core/Src/main.o
                0x0000000008001780                escribirDelay
 .text.start_uart_TX_task
                0x00000000080017b4       0xfc ./Core/Src/main.o
                0x00000000080017b4                start_uart_TX_task
 .text.start_uart_RX_task
                0x00000000080018b0       0xb8 ./Core/Src/main.o
                0x00000000080018b0                start_uart_RX_task
 .text.start_control_task
                0x0000000008001968      0x140 ./Core/Src/main.o
                0x0000000008001968                start_control_task
 .text.start_dht11_task
                0x0000000008001aa8       0xb0 ./Core/Src/main.o
                0x0000000008001aa8                start_dht11_task
 .text.start_waterLavel_task
                0x0000000008001b58       0x78 ./Core/Src/main.o
                0x0000000008001b58                start_waterLavel_task
 .text.start_lcd_task
                0x0000000008001bd0       0x10 ./Core/Src/main.o
                0x0000000008001bd0                start_lcd_task
 .text.start_emptyDrum_task
                0x0000000008001be0       0xc0 ./Core/Src/main.o
                0x0000000008001be0                start_emptyDrum_task
 .text.Error_Handler
                0x0000000008001ca0        0xa ./Core/Src/main.o
                0x0000000008001ca0                Error_Handler
 *fill*         0x0000000008001caa        0x2 
 .text.HAL_MspInit
                0x0000000008001cac       0x58 ./Core/Src/stm32f4xx_hal_msp.o
                0x0000000008001cac                HAL_MspInit
 .text.HAL_ADC_MspInit
                0x0000000008001d04       0x88 ./Core/Src/stm32f4xx_hal_msp.o
                0x0000000008001d04                HAL_ADC_MspInit
 .text.HAL_TIM_Base_MspInit
                0x0000000008001d8c       0x70 ./Core/Src/stm32f4xx_hal_msp.o
                0x0000000008001d8c                HAL_TIM_Base_MspInit
 .text.HAL_UART_MspInit
                0x0000000008001dfc       0xa0 ./Core/Src/stm32f4xx_hal_msp.o
                0x0000000008001dfc                HAL_UART_MspInit
 .text.NMI_Handler
                0x0000000008001e9c        0x6 ./Core/Src/stm32f4xx_it.o
                0x0000000008001e9c                NMI_Handler
 .text.HardFault_Handler
                0x0000000008001ea2        0x6 ./Core/Src/stm32f4xx_it.o
                0x0000000008001ea2                HardFault_Handler
 .text.MemManage_Handler
                0x0000000008001ea8        0x6 ./Core/Src/stm32f4xx_it.o
                0x0000000008001ea8                MemManage_Handler
 .text.BusFault_Handler
                0x0000000008001eae        0x6 ./Core/Src/stm32f4xx_it.o
                0x0000000008001eae                BusFault_Handler
 .text.UsageFault_Handler
                0x0000000008001eb4        0x6 ./Core/Src/stm32f4xx_it.o
                0x0000000008001eb4                UsageFault_Handler
 .text.DebugMon_Handler
                0x0000000008001eba        0xe ./Core/Src/stm32f4xx_it.o
                0x0000000008001eba                DebugMon_Handler
 .text.SysTick_Handler
                0x0000000008001ec8       0x1a ./Core/Src/stm32f4xx_it.o
                0x0000000008001ec8                SysTick_Handler
 *fill*         0x0000000008001ee2        0x2 
 .text.USART2_IRQHandler
                0x0000000008001ee4       0x14 ./Core/Src/stm32f4xx_it.o
                0x0000000008001ee4                USART2_IRQHandler
 .text.EXTI15_10_IRQHandler
                0x0000000008001ef8       0x10 ./Core/Src/stm32f4xx_it.o
                0x0000000008001ef8                EXTI15_10_IRQHandler
 .text._read    0x0000000008001f08       0x3a ./Core/Src/syscalls.o
                0x0000000008001f08                _read
 .text._write   0x0000000008001f42       0x38 ./Core/Src/syscalls.o
                0x0000000008001f42                _write
 .text._close   0x0000000008001f7a       0x18 ./Core/Src/syscalls.o
                0x0000000008001f7a                _close
 .text._fstat   0x0000000008001f92       0x20 ./Core/Src/syscalls.o
                0x0000000008001f92                _fstat
 .text._isatty  0x0000000008001fb2       0x16 ./Core/Src/syscalls.o
                0x0000000008001fb2                _isatty
 .text._lseek   0x0000000008001fc8       0x1a ./Core/Src/syscalls.o
                0x0000000008001fc8                _lseek
 *fill*         0x0000000008001fe2        0x2 
 .text._sbrk    0x0000000008001fe4       0x6c ./Core/Src/sysmem.o
                0x0000000008001fe4                _sbrk
 .text.SystemInit
                0x0000000008002050       0x24 ./Core/Src/system_stm32f4xx.o
                0x0000000008002050                SystemInit
 .text.Reset_Handler
                0x0000000008002074       0x50 ./Core/Startup/startup_stm32f411retx.o
                0x0000000008002074                Reset_Handler
 .text.Default_Handler
                0x00000000080020c4        0x2 ./Core/Startup/startup_stm32f411retx.o
                0x00000000080020c4                RTC_Alarm_IRQHandler
                0x00000000080020c4                EXTI2_IRQHandler
                0x00000000080020c4                SPI4_IRQHandler
                0x00000000080020c4                TIM1_CC_IRQHandler
                0x00000000080020c4                DMA2_Stream5_IRQHandler
                0x00000000080020c4                DMA1_Stream5_IRQHandler
                0x00000000080020c4                PVD_IRQHandler
                0x00000000080020c4                SDIO_IRQHandler
                0x00000000080020c4                TAMP_STAMP_IRQHandler
                0x00000000080020c4                EXTI3_IRQHandler
                0x00000000080020c4                TIM1_UP_TIM10_IRQHandler
                0x00000000080020c4                I2C3_ER_IRQHandler
                0x00000000080020c4                EXTI0_IRQHandler
                0x00000000080020c4                I2C2_EV_IRQHandler
                0x00000000080020c4                DMA1_Stream2_IRQHandler
                0x00000000080020c4                FPU_IRQHandler
                0x00000000080020c4                DMA2_Stream2_IRQHandler
                0x00000000080020c4                SPI1_IRQHandler
                0x00000000080020c4                TIM1_BRK_TIM9_IRQHandler
                0x00000000080020c4                DMA2_Stream3_IRQHandler
                0x00000000080020c4                USART6_IRQHandler
                0x00000000080020c4                DMA2_Stream0_IRQHandler
                0x00000000080020c4                TIM4_IRQHandler
                0x00000000080020c4                I2C1_EV_IRQHandler
                0x00000000080020c4                DMA1_Stream6_IRQHandler
                0x00000000080020c4                DMA1_Stream1_IRQHandler
                0x00000000080020c4                TIM3_IRQHandler
                0x00000000080020c4                RCC_IRQHandler
                0x00000000080020c4                Default_Handler
                0x00000000080020c4                ADC_IRQHandler
                0x00000000080020c4                DMA1_Stream7_IRQHandler
                0x00000000080020c4                SPI5_IRQHandler
                0x00000000080020c4                TIM5_IRQHandler
                0x00000000080020c4                DMA2_Stream7_IRQHandler
                0x00000000080020c4                I2C3_EV_IRQHandler
                0x00000000080020c4                EXTI9_5_IRQHandler
                0x00000000080020c4                RTC_WKUP_IRQHandler
                0x00000000080020c4                SPI2_IRQHandler
                0x00000000080020c4                DMA1_Stream0_IRQHandler
                0x00000000080020c4                EXTI4_IRQHandler
                0x00000000080020c4                WWDG_IRQHandler
                0x00000000080020c4                TIM2_IRQHandler
                0x00000000080020c4                OTG_FS_WKUP_IRQHandler
                0x00000000080020c4                TIM1_TRG_COM_TIM11_IRQHandler
                0x00000000080020c4                EXTI1_IRQHandler
                0x00000000080020c4                I2C2_ER_IRQHandler
                0x00000000080020c4                DMA2_Stream1_IRQHandler
                0x00000000080020c4                FLASH_IRQHandler
                0x00000000080020c4                DMA2_Stream4_IRQHandler
                0x00000000080020c4                USART1_IRQHandler
                0x00000000080020c4                OTG_FS_IRQHandler
                0x00000000080020c4                SPI3_IRQHandler
                0x00000000080020c4                DMA1_Stream4_IRQHandler
                0x00000000080020c4                I2C1_ER_IRQHandler
                0x00000000080020c4                DMA2_Stream6_IRQHandler
                0x00000000080020c4                DMA1_Stream3_IRQHandler
 *fill*         0x00000000080020c6        0x2 
 .text.HAL_Init
                0x00000000080020c8       0x44 ./Drivers/STM32F4xx_HAL_Driver/Src/stm32f4xx_hal.o
                0x00000000080020c8                HAL_Init
 .text.HAL_InitTick
                0x000000000800210c       0x60 ./Drivers/STM32F4xx_HAL_Driver/Src/stm32f4xx_hal.o
                0x000000000800210c                HAL_InitTick
 .text.HAL_IncTick
                0x000000000800216c       0x28 ./Drivers/STM32F4xx_HAL_Driver/Src/stm32f4xx_hal.o
                0x000000000800216c                HAL_IncTick
 .text.HAL_GetTick
                0x0000000008002194       0x18 ./Drivers/STM32F4xx_HAL_Driver/Src/stm32f4xx_hal.o
                0x0000000008002194                HAL_GetTick
 .text.HAL_ADC_Init
                0x00000000080021ac       0x86 ./Drivers/STM32F4xx_HAL_Driver/Src/stm32f4xx_hal_adc.o
                0x00000000080021ac                HAL_ADC_Init
 *fill*         0x0000000008002232        0x2 
 .text.HAL_ADC_Start
                0x0000000008002234      0x168 ./Drivers/STM32F4xx_HAL_Driver/Src/stm32f4xx_hal_adc.o
                0x0000000008002234                HAL_ADC_Start
 .text.HAL_ADC_PollForConversion
                0x000000000800239c      0x116 ./Drivers/STM32F4xx_HAL_Driver/Src/stm32f4xx_hal_adc.o
                0x000000000800239c                HAL_ADC_PollForConversion
 .text.HAL_ADC_GetValue
                0x00000000080024b2       0x1a ./Drivers/STM32F4xx_HAL_Driver/Src/stm32f4xx_hal_adc.o
                0x00000000080024b2                HAL_ADC_GetValue
 .text.HAL_ADC_ConfigChannel
                0x00000000080024cc      0x264 ./Drivers/STM32F4xx_HAL_Driver/Src/stm32f4xx_hal_adc.o
                0x00000000080024cc                HAL_ADC_ConfigChannel
 .text.ADC_Init
                0x0000000008002730      0x1f8 ./Drivers/STM32F4xx_HAL_Driver/Src/stm32f4xx_hal_adc.o
 .text.__NVIC_SetPriorityGrouping
                0x0000000008002928       0x48 ./Drivers/STM32F4xx_HAL_Driver/Src/stm32f4xx_hal_cortex.o
 .text.__NVIC_GetPriorityGrouping
                0x0000000008002970       0x1c ./Drivers/STM32F4xx_HAL_Driver/Src/stm32f4xx_hal_cortex.o
 .text.__NVIC_EnableIRQ
                0x000000000800298c       0x3c ./Drivers/STM32F4xx_HAL_Driver/Src/stm32f4xx_hal_cortex.o
 .text.__NVIC_SetPriority
                0x00000000080029c8       0x54 ./Drivers/STM32F4xx_HAL_Driver/Src/stm32f4xx_hal_cortex.o
 .text.NVIC_EncodePriority
                0x0000000008002a1c       0x66 ./Drivers/STM32F4xx_HAL_Driver/Src/stm32f4xx_hal_cortex.o
 *fill*         0x0000000008002a82        0x2 
 .text.SysTick_Config
                0x0000000008002a84       0x44 ./Drivers/STM32F4xx_HAL_Driver/Src/stm32f4xx_hal_cortex.o
 .text.HAL_NVIC_SetPriorityGrouping
                0x0000000008002ac8       0x16 ./Drivers/STM32F4xx_HAL_Driver/Src/stm32f4xx_hal_cortex.o
                0x0000000008002ac8                HAL_NVIC_SetPriorityGrouping
 .text.HAL_NVIC_SetPriority
                0x0000000008002ade       0x38 ./Drivers/STM32F4xx_HAL_Driver/Src/stm32f4xx_hal_cortex.o
                0x0000000008002ade                HAL_NVIC_SetPriority
 .text.HAL_NVIC_EnableIRQ
                0x0000000008002b16       0x1c ./Drivers/STM32F4xx_HAL_Driver/Src/stm32f4xx_hal_cortex.o
                0x0000000008002b16                HAL_NVIC_EnableIRQ
 .text.HAL_SYSTICK_Config
                0x0000000008002b32       0x18 ./Drivers/STM32F4xx_HAL_Driver/Src/stm32f4xx_hal_cortex.o
                0x0000000008002b32                HAL_SYSTICK_Config
 .text.HAL_DMA_Abort
                0x0000000008002b4a       0xe0 ./Drivers/STM32F4xx_HAL_Driver/Src/stm32f4xx_hal_dma.o
                0x0000000008002b4a                HAL_DMA_Abort
 .text.HAL_DMA_Abort_IT
                0x0000000008002c2a       0x44 ./Drivers/STM32F4xx_HAL_Driver/Src/stm32f4xx_hal_dma.o
                0x0000000008002c2a                HAL_DMA_Abort_IT
 *fill*         0x0000000008002c6e        0x2 
 .text.HAL_GPIO_Init
                0x0000000008002c70      0x308 ./Drivers/STM32F4xx_HAL_Driver/Src/stm32f4xx_hal_gpio.o
                0x0000000008002c70                HAL_GPIO_Init
 .text.HAL_GPIO_ReadPin
                0x0000000008002f78       0x30 ./Drivers/STM32F4xx_HAL_Driver/Src/stm32f4xx_hal_gpio.o
                0x0000000008002f78                HAL_GPIO_ReadPin
 .text.HAL_GPIO_WritePin
                0x0000000008002fa8       0x32 ./Drivers/STM32F4xx_HAL_Driver/Src/stm32f4xx_hal_gpio.o
                0x0000000008002fa8                HAL_GPIO_WritePin
 .text.HAL_GPIO_TogglePin
                0x0000000008002fda       0x34 ./Drivers/STM32F4xx_HAL_Driver/Src/stm32f4xx_hal_gpio.o
                0x0000000008002fda                HAL_GPIO_TogglePin
 *fill*         0x000000000800300e        0x2 
 .text.HAL_GPIO_EXTI_IRQHandler
                0x0000000008003010       0x30 ./Drivers/STM32F4xx_HAL_Driver/Src/stm32f4xx_hal_gpio.o
                0x0000000008003010                HAL_GPIO_EXTI_IRQHandler
 .text.HAL_RCC_OscConfig
                0x0000000008003040      0x4f0 ./Drivers/STM32F4xx_HAL_Driver/Src/stm32f4xx_hal_rcc.o
                0x0000000008003040                HAL_RCC_OscConfig
 .text.HAL_RCC_ClockConfig
                0x0000000008003530      0x1cc ./Drivers/STM32F4xx_HAL_Driver/Src/stm32f4xx_hal_rcc.o
                0x0000000008003530                HAL_RCC_ClockConfig
 .text.HAL_RCC_GetSysClockFreq
                0x00000000080036fc      0x20c ./Drivers/STM32F4xx_HAL_Driver/Src/stm32f4xx_hal_rcc.o
                0x00000000080036fc                HAL_RCC_GetSysClockFreq
 .text.HAL_RCC_GetHCLKFreq
                0x0000000008003908       0x18 ./Drivers/STM32F4xx_HAL_Driver/Src/stm32f4xx_hal_rcc.o
                0x0000000008003908                HAL_RCC_GetHCLKFreq
 .text.HAL_RCC_GetPCLK1Freq
                0x0000000008003920       0x28 ./Drivers/STM32F4xx_HAL_Driver/Src/stm32f4xx_hal_rcc.o
                0x0000000008003920                HAL_RCC_GetPCLK1Freq
 .text.HAL_RCC_GetPCLK2Freq
                0x0000000008003948       0x28 ./Drivers/STM32F4xx_HAL_Driver/Src/stm32f4xx_hal_rcc.o
                0x0000000008003948                HAL_RCC_GetPCLK2Freq
 .text.HAL_TIM_Base_Init
                0x0000000008003970       0x9e ./Drivers/STM32F4xx_HAL_Driver/Src/stm32f4xx_hal_tim.o
                0x0000000008003970                HAL_TIM_Base_Init
 *fill*         0x0000000008003a0e        0x2 
 .text.HAL_TIM_Base_Start
                0x0000000008003a10       0xb4 ./Drivers/STM32F4xx_HAL_Driver/Src/stm32f4xx_hal_tim.o
                0x0000000008003a10                HAL_TIM_Base_Start
 .text.TIM_Base_SetConfig
                0x0000000008003ac4      0x118 ./Drivers/STM32F4xx_HAL_Driver/Src/stm32f4xx_hal_tim.o
                0x0000000008003ac4                TIM_Base_SetConfig
 .text.HAL_UART_Init
                0x0000000008003bdc       0xa0 ./Drivers/STM32F4xx_HAL_Driver/Src/stm32f4xx_hal_uart.o
                0x0000000008003bdc                HAL_UART_Init
 .text.HAL_UART_Transmit
                0x0000000008003c7c      0x116 ./Drivers/STM32F4xx_HAL_Driver/Src/stm32f4xx_hal_uart.o
                0x0000000008003c7c                HAL_UART_Transmit
 .text.HAL_UART_Receive_IT
                0x0000000008003d92       0x4a ./Drivers/STM32F4xx_HAL_Driver/Src/stm32f4xx_hal_uart.o
                0x0000000008003d92                HAL_UART_Receive_IT
 .text.HAL_UART_IRQHandler
                0x0000000008003ddc      0x524 ./Drivers/STM32F4xx_HAL_Driver/Src/stm32f4xx_hal_uart.o
                0x0000000008003ddc                HAL_UART_IRQHandler
 .text.HAL_UART_TxCpltCallback
                0x0000000008004300       0x14 ./Drivers/STM32F4xx_HAL_Driver/Src/stm32f4xx_hal_uart.o
                0x0000000008004300                HAL_UART_TxCpltCallback
 .text.HAL_UART_ErrorCallback
                0x0000000008004314       0x14 ./Drivers/STM32F4xx_HAL_Driver/Src/stm32f4xx_hal_uart.o
                0x0000000008004314                HAL_UART_ErrorCallback
 .text.HAL_UARTEx_RxEventCallback
                0x0000000008004328       0x18 ./Drivers/STM32F4xx_HAL_Driver/Src/stm32f4xx_hal_uart.o
                0x0000000008004328                HAL_UARTEx_RxEventCallback
 .text.UART_WaitOnFlagUntilTimeout
                0x0000000008004340       0xb2 ./Drivers/STM32F4xx_HAL_Driver/Src/stm32f4xx_hal_uart.o
 .text.UART_Start_Receive_IT
                0x00000000080043f2       0x74 ./Drivers/STM32F4xx_HAL_Driver/Src/stm32f4xx_hal_uart.o
                0x00000000080043f2                UART_Start_Receive_IT
 .text.UART_EndRxTransfer
                0x0000000008004466       0xc6 ./Drivers/STM32F4xx_HAL_Driver/Src/stm32f4xx_hal_uart.o
 .text.UART_DMAAbortOnError
                0x000000000800452c       0x28 ./Drivers/STM32F4xx_HAL_Driver/Src/stm32f4xx_hal_uart.o
 .text.UART_Transmit_IT
                0x0000000008004554       0xa0 ./Drivers/STM32F4xx_HAL_Driver/Src/stm32f4xx_hal_uart.o
 .text.UART_EndTransmit_IT
                0x00000000080045f4       0x30 ./Drivers/STM32F4xx_HAL_Driver/Src/stm32f4xx_hal_uart.o
 .text.UART_Receive_IT
                0x0000000008004624      0x17c ./Drivers/STM32F4xx_HAL_Driver/Src/stm32f4xx_hal_uart.o
 .text.UART_SetConfig
                0x00000000080047a0      0x4e8 ./Drivers/STM32F4xx_HAL_Driver/Src/stm32f4xx_hal_uart.o
 .text.__NVIC_SetPriority
                0x0000000008004c88       0x54 ./Middlewares/Third_Party/FreeRTOS/Source/CMSIS_RTOS_V2/cmsis_os2.o
 .text.SVC_Setup
                0x0000000008004cdc       0x12 ./Middlewares/Third_Party/FreeRTOS/Source/CMSIS_RTOS_V2/cmsis_os2.o
 *fill*         0x0000000008004cee        0x2 
 .text.osKernelInitialize
                0x0000000008004cf0       0x48 ./Middlewares/Third_Party/FreeRTOS/Source/CMSIS_RTOS_V2/cmsis_os2.o
                0x0000000008004cf0                osKernelInitialize
 .text.osKernelStart
                0x0000000008004d38       0x4c ./Middlewares/Third_Party/FreeRTOS/Source/CMSIS_RTOS_V2/cmsis_os2.o
                0x0000000008004d38                osKernelStart
 .text.osThreadNew
                0x0000000008004d84      0x124 ./Middlewares/Third_Party/FreeRTOS/Source/CMSIS_RTOS_V2/cmsis_os2.o
                0x0000000008004d84                osThreadNew
 .text.osDelay  0x0000000008004ea8       0x36 ./Middlewares/Third_Party/FreeRTOS/Source/CMSIS_RTOS_V2/cmsis_os2.o
                0x0000000008004ea8                osDelay
 .text.osEventFlagsNew
                0x0000000008004ede       0x7e ./Middlewares/Third_Party/FreeRTOS/Source/CMSIS_RTOS_V2/cmsis_os2.o
                0x0000000008004ede                osEventFlagsNew
 .text.osEventFlagsSet
                0x0000000008004f5c       0x88 ./Middlewares/Third_Party/FreeRTOS/Source/CMSIS_RTOS_V2/cmsis_os2.o
                0x0000000008004f5c                osEventFlagsSet
 .text.osEventFlagsClear
                0x0000000008004fe4       0x64 ./Middlewares/Third_Party/FreeRTOS/Source/CMSIS_RTOS_V2/cmsis_os2.o
                0x0000000008004fe4                osEventFlagsClear
 .text.osEventFlagsWait
                0x0000000008005048       0xcc ./Middlewares/Third_Party/FreeRTOS/Source/CMSIS_RTOS_V2/cmsis_os2.o
                0x0000000008005048                osEventFlagsWait
 .text.osMutexNew
                0x0000000008005114      0x10c ./Middlewares/Third_Party/FreeRTOS/Source/CMSIS_RTOS_V2/cmsis_os2.o
                0x0000000008005114                osMutexNew
 .text.osMutexAcquire
                0x0000000008005220       0x96 ./Middlewares/Third_Party/FreeRTOS/Source/CMSIS_RTOS_V2/cmsis_os2.o
                0x0000000008005220                osMutexAcquire
 .text.osMutexRelease
                0x00000000080052b6       0x7a ./Middlewares/Third_Party/FreeRTOS/Source/CMSIS_RTOS_V2/cmsis_os2.o
                0x00000000080052b6                osMutexRelease
 .text.osMessageQueueNew
                0x0000000008005330       0xe6 ./Middlewares/Third_Party/FreeRTOS/Source/CMSIS_RTOS_V2/cmsis_os2.o
                0x0000000008005330                osMessageQueueNew
 *fill*         0x0000000008005416        0x2 
 .text.osMessageQueuePut
                0x0000000008005418       0xc0 ./Middlewares/Third_Party/FreeRTOS/Source/CMSIS_RTOS_V2/cmsis_os2.o
                0x0000000008005418                osMessageQueuePut
 .text.osMessageQueueGet
                0x00000000080054d8       0xbc ./Middlewares/Third_Party/FreeRTOS/Source/CMSIS_RTOS_V2/cmsis_os2.o
                0x00000000080054d8                osMessageQueueGet
 .text.vApplicationGetIdleTaskMemory
                0x0000000008005594       0x34 ./Middlewares/Third_Party/FreeRTOS/Source/CMSIS_RTOS_V2/cmsis_os2.o
                0x0000000008005594                vApplicationGetIdleTaskMemory
 .text.vApplicationGetTimerTaskMemory
                0x00000000080055c8       0x34 ./Middlewares/Third_Party/FreeRTOS/Source/CMSIS_RTOS_V2/cmsis_os2.o
                0x00000000080055c8                vApplicationGetTimerTaskMemory
 .text.xEventGroupCreateStatic
                0x00000000080055fc       0x6e ./Middlewares/Third_Party/FreeRTOS/Source/event_groups.o
                0x00000000080055fc                xEventGroupCreateStatic
 .text.xEventGroupCreate
                0x000000000800566a       0x34 ./Middlewares/Third_Party/FreeRTOS/Source/event_groups.o
                0x000000000800566a                xEventGroupCreate
 *fill*         0x000000000800569e        0x2 
 .text.xEventGroupWaitBits
                0x00000000080056a0      0x19c ./Middlewares/Third_Party/FreeRTOS/Source/event_groups.o
                0x00000000080056a0                xEventGroupWaitBits
 .text.xEventGroupClearBits
                0x000000000800583c       0x70 ./Middlewares/Third_Party/FreeRTOS/Source/event_groups.o
                0x000000000800583c                xEventGroupClearBits
 .text.xEventGroupClearBitsFromISR
                0x00000000080058ac       0x28 ./Middlewares/Third_Party/FreeRTOS/Source/event_groups.o
                0x00000000080058ac                xEventGroupClearBitsFromISR
 .text.xEventGroupGetBitsFromISR
                0x00000000080058d4       0x48 ./Middlewares/Third_Party/FreeRTOS/Source/event_groups.o
                0x00000000080058d4                xEventGroupGetBitsFromISR
 .text.xEventGroupSetBits
                0x000000000800591c      0x116 ./Middlewares/Third_Party/FreeRTOS/Source/event_groups.o
                0x000000000800591c                xEventGroupSetBits
 .text.vEventGroupSetBitsCallback
                0x0000000008005a32       0x1a ./Middlewares/Third_Party/FreeRTOS/Source/event_groups.o
                0x0000000008005a32                vEventGroupSetBitsCallback
 .text.vEventGroupClearBitsCallback
                0x0000000008005a4c       0x1a ./Middlewares/Third_Party/FreeRTOS/Source/event_groups.o
                0x0000000008005a4c                vEventGroupClearBitsCallback
 .text.prvTestWaitCondition
                0x0000000008005a66       0x44 ./Middlewares/Third_Party/FreeRTOS/Source/event_groups.o
 *fill*         0x0000000008005aaa        0x2 
 .text.xEventGroupSetBitsFromISR
                0x0000000008005aac       0x28 ./Middlewares/Third_Party/FreeRTOS/Source/event_groups.o
                0x0000000008005aac                xEventGroupSetBitsFromISR
 .text.vListInitialise
                0x0000000008005ad4       0x40 ./Middlewares/Third_Party/FreeRTOS/Source/list.o
                0x0000000008005ad4                vListInitialise
 .text.vListInitialiseItem
                0x0000000008005b14       0x1a ./Middlewares/Third_Party/FreeRTOS/Source/list.o
                0x0000000008005b14                vListInitialiseItem
 .text.vListInsertEnd
                0x0000000008005b2e       0x48 ./Middlewares/Third_Party/FreeRTOS/Source/list.o
                0x0000000008005b2e                vListInsertEnd
 .text.vListInsert
                0x0000000008005b76       0x72 ./Middlewares/Third_Party/FreeRTOS/Source/list.o
                0x0000000008005b76                vListInsert
 .text.uxListRemove
                0x0000000008005be8       0x54 ./Middlewares/Third_Party/FreeRTOS/Source/list.o
                0x0000000008005be8                uxListRemove
 .text.xQueueGenericReset
                0x0000000008005c3c       0xd0 ./Middlewares/Third_Party/FreeRTOS/Source/queue.o
                0x0000000008005c3c                xQueueGenericReset
 .text.xQueueGenericCreateStatic
                0x0000000008005d0c       0xf0 ./Middlewares/Third_Party/FreeRTOS/Source/queue.o
                0x0000000008005d0c                xQueueGenericCreateStatic
 .text.xQueueGenericCreate
                0x0000000008005dfc       0x74 ./Middlewares/Third_Party/FreeRTOS/Source/queue.o
                0x0000000008005dfc                xQueueGenericCreate
 .text.prvInitialiseNewQueue
                0x0000000008005e70       0x46 ./Middlewares/Third_Party/FreeRTOS/Source/queue.o
 .text.prvInitialiseMutex
                0x0000000008005eb6       0x34 ./Middlewares/Third_Party/FreeRTOS/Source/queue.o
 .text.xQueueCreateMutex
                0x0000000008005eea       0x30 ./Middlewares/Third_Party/FreeRTOS/Source/queue.o
                0x0000000008005eea                xQueueCreateMutex
 .text.xQueueCreateMutexStatic
                0x0000000008005f1a       0x36 ./Middlewares/Third_Party/FreeRTOS/Source/queue.o
                0x0000000008005f1a                xQueueCreateMutexStatic
 .text.xQueueGiveMutexRecursive
                0x0000000008005f50       0x68 ./Middlewares/Third_Party/FreeRTOS/Source/queue.o
                0x0000000008005f50                xQueueGiveMutexRecursive
 .text.xQueueTakeMutexRecursive
                0x0000000008005fb8       0x6c ./Middlewares/Third_Party/FreeRTOS/Source/queue.o
                0x0000000008005fb8                xQueueTakeMutexRecursive
 .text.xQueueGenericSend
                0x0000000008006024      0x1fc ./Middlewares/Third_Party/FreeRTOS/Source/queue.o
                0x0000000008006024                xQueueGenericSend
 .text.xQueueGenericSendFromISR
                0x0000000008006220      0x136 ./Middlewares/Third_Party/FreeRTOS/Source/queue.o
                0x0000000008006220                xQueueGenericSendFromISR
 *fill*         0x0000000008006356        0x2 
 .text.xQueueReceive
                0x0000000008006358      0x1c0 ./Middlewares/Third_Party/FreeRTOS/Source/queue.o
                0x0000000008006358                xQueueReceive
 .text.xQueueSemaphoreTake
                0x0000000008006518      0x218 ./Middlewares/Third_Party/FreeRTOS/Source/queue.o
                0x0000000008006518                xQueueSemaphoreTake
 .text.xQueueReceiveFromISR
                0x0000000008006730      0x100 ./Middlewares/Third_Party/FreeRTOS/Source/queue.o
                0x0000000008006730                xQueueReceiveFromISR
 .text.prvGetDisinheritPriorityAfterTimeout
                0x0000000008006830       0x30 ./Middlewares/Third_Party/FreeRTOS/Source/queue.o
 .text.prvCopyDataToQueue
                0x0000000008006860       0xd4 ./Middlewares/Third_Party/FreeRTOS/Source/queue.o
 .text.prvCopyDataFromQueue
                0x0000000008006934       0x4c ./Middlewares/Third_Party/FreeRTOS/Source/queue.o
 .text.prvUnlockQueue
                0x0000000008006980       0xa4 ./Middlewares/Third_Party/FreeRTOS/Source/queue.o
 .text.prvIsQueueEmpty
                0x0000000008006a24       0x2c ./Middlewares/Third_Party/FreeRTOS/Source/queue.o
 .text.prvIsQueueFull
                0x0000000008006a50       0x30 ./Middlewares/Third_Party/FreeRTOS/Source/queue.o
 .text.vQueueAddToRegistry
                0x0000000008006a80       0x54 ./Middlewares/Third_Party/FreeRTOS/Source/queue.o
                0x0000000008006a80                vQueueAddToRegistry
 .text.vQueueWaitForMessageRestricted
                0x0000000008006ad4       0x68 ./Middlewares/Third_Party/FreeRTOS/Source/queue.o
                0x0000000008006ad4                vQueueWaitForMessageRestricted
 .text.xTaskCreateStatic
                0x0000000008006b3c       0xba ./Middlewares/Third_Party/FreeRTOS/Source/tasks.o
                0x0000000008006b3c                xTaskCreateStatic
 .text.xTaskCreate
                0x0000000008006bf6       0x8a ./Middlewares/Third_Party/FreeRTOS/Source/tasks.o
                0x0000000008006bf6                xTaskCreate
 .text.prvInitialiseNewTask
                0x0000000008006c80      0x11e ./Middlewares/Third_Party/FreeRTOS/Source/tasks.o
 *fill*         0x0000000008006d9e        0x2 
 .text.prvAddNewTaskToReadyList
                0x0000000008006da0       0xe0 ./Middlewares/Third_Party/FreeRTOS/Source/tasks.o
 .text.vTaskDelay
                0x0000000008006e80       0x68 ./Middlewares/Third_Party/FreeRTOS/Source/tasks.o
                0x0000000008006e80                vTaskDelay
 .text.vTaskStartScheduler
                0x0000000008006ee8       0xcc ./Middlewares/Third_Party/FreeRTOS/Source/tasks.o
                0x0000000008006ee8                vTaskStartScheduler
 .text.vTaskSuspendAll
                0x0000000008006fb4       0x1c ./Middlewares/Third_Party/FreeRTOS/Source/tasks.o
                0x0000000008006fb4                vTaskSuspendAll
 .text.xTaskResumeAll
                0x0000000008006fd0      0x13c ./Middlewares/Third_Party/FreeRTOS/Source/tasks.o
                0x0000000008006fd0                xTaskResumeAll
 .text.xTaskGetTickCount
                0x000000000800710c       0x20 ./Middlewares/Third_Party/FreeRTOS/Source/tasks.o
                0x000000000800710c                xTaskGetTickCount
 .text.xTaskIncrementTick
                0x000000000800712c      0x174 ./Middlewares/Third_Party/FreeRTOS/Source/tasks.o
                0x000000000800712c                xTaskIncrementTick
 .text.vTaskSwitchContext
                0x00000000080072a0       0xbc ./Middlewares/Third_Party/FreeRTOS/Source/tasks.o
                0x00000000080072a0                vTaskSwitchContext
 .text.vTaskPlaceOnEventList
                0x000000000800735c       0x48 ./Middlewares/Third_Party/FreeRTOS/Source/tasks.o
                0x000000000800735c                vTaskPlaceOnEventList
 .text.vTaskPlaceOnUnorderedEventList
                0x00000000080073a4       0x78 ./Middlewares/Third_Party/FreeRTOS/Source/tasks.o
                0x00000000080073a4                vTaskPlaceOnUnorderedEventList
 .text.vTaskPlaceOnEventListRestricted
                0x000000000800741c       0x58 ./Middlewares/Third_Party/FreeRTOS/Source/tasks.o
                0x000000000800741c                vTaskPlaceOnEventListRestricted
 .text.xTaskRemoveFromEventList
                0x0000000008007474       0xc8 ./Middlewares/Third_Party/FreeRTOS/Source/tasks.o
                0x0000000008007474                xTaskRemoveFromEventList
 .text.vTaskRemoveFromUnorderedEventList
                0x000000000800753c       0xc4 ./Middlewares/Third_Party/FreeRTOS/Source/tasks.o
                0x000000000800753c                vTaskRemoveFromUnorderedEventList
 .text.vTaskInternalSetTimeOutState
                0x0000000008007600       0x2c ./Middlewares/Third_Party/FreeRTOS/Source/tasks.o
                0x0000000008007600                vTaskInternalSetTimeOutState
 .text.xTaskCheckForTimeOut
                0x000000000800762c       0xc4 ./Middlewares/Third_Party/FreeRTOS/Source/tasks.o
                0x000000000800762c                xTaskCheckForTimeOut
 .text.vTaskMissedYield
                0x00000000080076f0       0x18 ./Middlewares/Third_Party/FreeRTOS/Source/tasks.o
                0x00000000080076f0                vTaskMissedYield
 .text.prvIdleTask
                0x0000000008007708       0x30 ./Middlewares/Third_Party/FreeRTOS/Source/tasks.o
 .text.prvInitialiseTaskLists
                0x0000000008007738       0x80 ./Middlewares/Third_Party/FreeRTOS/Source/tasks.o
 .text.prvCheckTasksWaitingTermination
                0x00000000080077b8       0x5c ./Middlewares/Third_Party/FreeRTOS/Source/tasks.o
 .text.prvDeleteTCB
                0x0000000008007814       0x5e ./Middlewares/Third_Party/FreeRTOS/Source/tasks.o
 *fill*         0x0000000008007872        0x2 
 .text.prvResetNextTaskUnblockTime
                0x0000000008007874       0x40 ./Middlewares/Third_Party/FreeRTOS/Source/tasks.o
 .text.xTaskGetCurrentTaskHandle
                0x00000000080078b4       0x20 ./Middlewares/Third_Party/FreeRTOS/Source/tasks.o
                0x00000000080078b4                xTaskGetCurrentTaskHandle
 .text.xTaskGetSchedulerState
                0x00000000080078d4       0x3c ./Middlewares/Third_Party/FreeRTOS/Source/tasks.o
                0x00000000080078d4                xTaskGetSchedulerState
 .text.xTaskPriorityInherit
                0x0000000008007910       0xd0 ./Middlewares/Third_Party/FreeRTOS/Source/tasks.o
                0x0000000008007910                xTaskPriorityInherit
 .text.xTaskPriorityDisinherit
                0x00000000080079e0       0xdc ./Middlewares/Third_Party/FreeRTOS/Source/tasks.o
                0x00000000080079e0                xTaskPriorityDisinherit
 .text.vTaskPriorityDisinheritAfterTimeout
                0x0000000008007abc      0x104 ./Middlewares/Third_Party/FreeRTOS/Source/tasks.o
                0x0000000008007abc                vTaskPriorityDisinheritAfterTimeout
 .text.uxTaskResetEventItemValue
                0x0000000008007bc0       0x30 ./Middlewares/Third_Party/FreeRTOS/Source/tasks.o
                0x0000000008007bc0                uxTaskResetEventItemValue
 .text.pvTaskIncrementMutexHeldCount
                0x0000000008007bf0       0x28 ./Middlewares/Third_Party/FreeRTOS/Source/tasks.o
                0x0000000008007bf0                pvTaskIncrementMutexHeldCount
 .text.prvAddCurrentTaskToDelayedList
                0x0000000008007c18       0xa8 ./Middlewares/Third_Party/FreeRTOS/Source/tasks.o
 .text.xTimerCreateTimerTask
                0x0000000008007cc0       0x90 ./Middlewares/Third_Party/FreeRTOS/Source/timers.o
                0x0000000008007cc0                xTimerCreateTimerTask
 .text.xTimerGenericCommand
                0x0000000008007d50       0x9c ./Middlewares/Third_Party/FreeRTOS/Source/timers.o
                0x0000000008007d50                xTimerGenericCommand
 .text.prvProcessExpiredTimer
                0x0000000008007dec       0x98 ./Middlewares/Third_Party/FreeRTOS/Source/timers.o
 .text.prvTimerTask
                0x0000000008007e84       0x24 ./Middlewares/Third_Party/FreeRTOS/Source/timers.o
 .text.prvProcessTimerOrBlockTask
                0x0000000008007ea8       0x9c ./Middlewares/Third_Party/FreeRTOS/Source/timers.o
 .text.prvGetNextExpireTime
                0x0000000008007f44       0x48 ./Middlewares/Third_Party/FreeRTOS/Source/timers.o
 .text.prvSampleTimeNow
                0x0000000008007f8c       0x40 ./Middlewares/Third_Party/FreeRTOS/Source/timers.o
 .text.prvInsertTimerInActiveList
                0x0000000008007fcc       0x84 ./Middlewares/Third_Party/FreeRTOS/Source/timers.o
 .text.prvProcessReceivedCommands
                0x0000000008008050      0x1c4 ./Middlewares/Third_Party/FreeRTOS/Source/timers.o
 .text.prvSwitchTimerLists
                0x0000000008008214       0xc8 ./Middlewares/Third_Party/FreeRTOS/Source/timers.o
 .text.prvCheckForValidListAndQueue
                0x00000000080082dc       0x80 ./Middlewares/Third_Party/FreeRTOS/Source/timers.o
 .text.xTimerPendFunctionCallFromISR
                0x000000000800835c       0x40 ./Middlewares/Third_Party/FreeRTOS/Source/timers.o
                0x000000000800835c                xTimerPendFunctionCallFromISR
 .text.pxPortInitialiseStack
                0x000000000800839c       0x68 ./Middlewares/Third_Party/FreeRTOS/Source/portable/GCC/ARM_CM4F/port.o
                0x000000000800839c                pxPortInitialiseStack
 .text.prvTaskExitError
                0x0000000008008404       0x58 ./Middlewares/Third_Party/FreeRTOS/Source/portable/GCC/ARM_CM4F/port.o
 *fill*         0x000000000800845c        0x4 
 .text.SVC_Handler
                0x0000000008008460       0x28 ./Middlewares/Third_Party/FreeRTOS/Source/portable/GCC/ARM_CM4F/port.o
                0x0000000008008460                SVC_Handler
 .text.prvPortStartFirstTask
                0x0000000008008488       0x28 ./Middlewares/Third_Party/FreeRTOS/Source/portable/GCC/ARM_CM4F/port.o
 .text.xPortStartScheduler
                0x00000000080084b0      0x144 ./Middlewares/Third_Party/FreeRTOS/Source/portable/GCC/ARM_CM4F/port.o
                0x00000000080084b0                xPortStartScheduler
 .text.vPortEnterCritical
                0x00000000080085f4       0x60 ./Middlewares/Third_Party/FreeRTOS/Source/portable/GCC/ARM_CM4F/port.o
                0x00000000080085f4                vPortEnterCritical
 .text.vPortExitCritical
                0x0000000008008654       0x54 ./Middlewares/Third_Party/FreeRTOS/Source/portable/GCC/ARM_CM4F/port.o
                0x0000000008008654                vPortExitCritical
 *fill*         0x00000000080086a8        0x8 
 .text.PendSV_Handler
                0x00000000080086b0       0x68 ./Middlewares/Third_Party/FreeRTOS/Source/portable/GCC/ARM_CM4F/port.o
                0x00000000080086b0                PendSV_Handler
 .text.xPortSysTickHandler
                0x0000000008008718       0x44 ./Middlewares/Third_Party/FreeRTOS/Source/portable/GCC/ARM_CM4F/port.o
                0x0000000008008718                xPortSysTickHandler
 .text.vPortSetupTimerInterrupt
                0x000000000800875c       0x48 ./Middlewares/Third_Party/FreeRTOS/Source/portable/GCC/ARM_CM4F/port.o
                0x000000000800875c                vPortSetupTimerInterrupt
 .text.vPortEnableVFP
                0x00000000080087a4       0x14 ./Middlewares/Third_Party/FreeRTOS/Source/portable/GCC/ARM_CM4F/port.o
 .text.vPortValidateInterruptPriority
                0x00000000080087b8       0x80 ./Middlewares/Third_Party/FreeRTOS/Source/portable/GCC/ARM_CM4F/port.o
                0x00000000080087b8                vPortValidateInterruptPriority
 .text.pvPortMalloc
                0x0000000008008838      0x198 ./Middlewares/Third_Party/FreeRTOS/Source/portable/MemMang/heap_4.o
                0x0000000008008838                pvPortMalloc
 .text.vPortFree
                0x00000000080089d0       0xc4 ./Middlewares/Third_Party/FreeRTOS/Source/portable/MemMang/heap_4.o
                0x00000000080089d0                vPortFree
 .text.prvHeapInit
                0x0000000008008a94       0xc4 ./Middlewares/Third_Party/FreeRTOS/Source/portable/MemMang/heap_4.o
 .text.prvInsertBlockIntoFreeList
                0x0000000008008b58       0xb4 ./Middlewares/Third_Party/FreeRTOS/Source/portable/MemMang/heap_4.o
 .text.std      0x0000000008008c0c       0x6c C:/ST/STM32CubeIDE_1.14.0/STM32CubeIDE/plugins/com.st.stm32cube.ide.mcu.externaltools.gnu-tools-for-stm32.11.3.rel1.win32_1.1.100.202309141235/tools/bin/../lib/gcc/arm-none-eabi/11.3.1/../../../../arm-none-eabi/lib/thumb/v7e-m+fp/hard\libc_nano.a(libc_a-findfp.o)
 .text.stdio_exit_handler
                0x0000000008008c78       0x18 C:/ST/STM32CubeIDE_1.14.0/STM32CubeIDE/plugins/com.st.stm32cube.ide.mcu.externaltools.gnu-tools-for-stm32.11.3.rel1.win32_1.1.100.202309141235/tools/bin/../lib/gcc/arm-none-eabi/11.3.1/../../../../arm-none-eabi/lib/thumb/v7e-m+fp/hard\libc_nano.a(libc_a-findfp.o)
 .text.cleanup_stdio
                0x0000000008008c90       0x40 C:/ST/STM32CubeIDE_1.14.0/STM32CubeIDE/plugins/com.st.stm32cube.ide.mcu.externaltools.gnu-tools-for-stm32.11.3.rel1.win32_1.1.100.202309141235/tools/bin/../lib/gcc/arm-none-eabi/11.3.1/../../../../arm-none-eabi/lib/thumb/v7e-m+fp/hard\libc_nano.a(libc_a-findfp.o)
 .text.global_stdio_init.part.0
                0x0000000008008cd0       0x3c C:/ST/STM32CubeIDE_1.14.0/STM32CubeIDE/plugins/com.st.stm32cube.ide.mcu.externaltools.gnu-tools-for-stm32.11.3.rel1.win32_1.1.100.202309141235/tools/bin/../lib/gcc/arm-none-eabi/11.3.1/../../../../arm-none-eabi/lib/thumb/v7e-m+fp/hard\libc_nano.a(libc_a-findfp.o)
 .text.__sfp_lock_acquire
                0x0000000008008d0c        0xc C:/ST/STM32CubeIDE_1.14.0/STM32CubeIDE/plugins/com.st.stm32cube.ide.mcu.externaltools.gnu-tools-for-stm32.11.3.rel1.win32_1.1.100.202309141235/tools/bin/../lib/gcc/arm-none-eabi/11.3.1/../../../../arm-none-eabi/lib/thumb/v7e-m+fp/hard\libc_nano.a(libc_a-findfp.o)
                0x0000000008008d0c                __sfp_lock_acquire
 .text.__sfp_lock_release
                0x0000000008008d18        0xc C:/ST/STM32CubeIDE_1.14.0/STM32CubeIDE/plugins/com.st.stm32cube.ide.mcu.externaltools.gnu-tools-for-stm32.11.3.rel1.win32_1.1.100.202309141235/tools/bin/../lib/gcc/arm-none-eabi/11.3.1/../../../../arm-none-eabi/lib/thumb/v7e-m+fp/hard\libc_nano.a(libc_a-findfp.o)
                0x0000000008008d18                __sfp_lock_release
 .text.__sinit  0x0000000008008d24       0x30 C:/ST/STM32CubeIDE_1.14.0/STM32CubeIDE/plugins/com.st.stm32cube.ide.mcu.externaltools.gnu-tools-for-stm32.11.3.rel1.win32_1.1.100.202309141235/tools/bin/../lib/gcc/arm-none-eabi/11.3.1/../../../../arm-none-eabi/lib/thumb/v7e-m+fp/hard\libc_nano.a(libc_a-findfp.o)
                0x0000000008008d24                __sinit
 .text._fwalk_sglue
                0x0000000008008d54       0x3c C:/ST/STM32CubeIDE_1.14.0/STM32CubeIDE/plugins/com.st.stm32cube.ide.mcu.externaltools.gnu-tools-for-stm32.11.3.rel1.win32_1.1.100.202309141235/tools/bin/../lib/gcc/arm-none-eabi/11.3.1/../../../../arm-none-eabi/lib/thumb/v7e-m+fp/hard\libc_nano.a(libc_a-fwalk.o)
                0x0000000008008d54                _fwalk_sglue
 .text._puts_r  0x0000000008008d90       0xa8 C:/ST/STM32CubeIDE_1.14.0/STM32CubeIDE/plugins/com.st.stm32cube.ide.mcu.externaltools.gnu-tools-for-stm32.11.3.rel1.win32_1.1.100.202309141235/tools/bin/../lib/gcc/arm-none-eabi/11.3.1/../../../../arm-none-eabi/lib/thumb/v7e-m+fp/hard\libc_nano.a(libc_a-puts.o)
                0x0000000008008d90                _puts_r
 .text.puts     0x0000000008008e38       0x10 C:/ST/STM32CubeIDE_1.14.0/STM32CubeIDE/plugins/com.st.stm32cube.ide.mcu.externaltools.gnu-tools-for-stm32.11.3.rel1.win32_1.1.100.202309141235/tools/bin/../lib/gcc/arm-none-eabi/11.3.1/../../../../arm-none-eabi/lib/thumb/v7e-m+fp/hard\libc_nano.a(libc_a-puts.o)
                0x0000000008008e38                puts
 .text.sprintf  0x0000000008008e48       0x40 C:/ST/STM32CubeIDE_1.14.0/STM32CubeIDE/plugins/com.st.stm32cube.ide.mcu.externaltools.gnu-tools-for-stm32.11.3.rel1.win32_1.1.100.202309141235/tools/bin/../lib/gcc/arm-none-eabi/11.3.1/../../../../arm-none-eabi/lib/thumb/v7e-m+fp/hard\libc_nano.a(libc_a-sprintf.o)
                0x0000000008008e48                siprintf
                0x0000000008008e48                sprintf
 .text.sscanf   0x0000000008008e88       0x58 C:/ST/STM32CubeIDE_1.14.0/STM32CubeIDE/plugins/com.st.stm32cube.ide.mcu.externaltools.gnu-tools-for-stm32.11.3.rel1.win32_1.1.100.202309141235/tools/bin/../lib/gcc/arm-none-eabi/11.3.1/../../../../arm-none-eabi/lib/thumb/v7e-m+fp/hard\libc_nano.a(libc_a-sscanf.o)
                0x0000000008008e88                siscanf
                0x0000000008008e88                sscanf
 .text.__sread  0x0000000008008ee0       0x22 C:/ST/STM32CubeIDE_1.14.0/STM32CubeIDE/plugins/com.st.stm32cube.ide.mcu.externaltools.gnu-tools-for-stm32.11.3.rel1.win32_1.1.100.202309141235/tools/bin/../lib/gcc/arm-none-eabi/11.3.1/../../../../arm-none-eabi/lib/thumb/v7e-m+fp/hard\libc_nano.a(libc_a-stdio.o)
                0x0000000008008ee0                __sread
 .text.__seofread
                0x0000000008008f02        0x4 C:/ST/STM32CubeIDE_1.14.0/STM32CubeIDE/plugins/com.st.stm32cube.ide.mcu.externaltools.gnu-tools-for-stm32.11.3.rel1.win32_1.1.100.202309141235/tools/bin/../lib/gcc/arm-none-eabi/11.3.1/../../../../arm-none-eabi/lib/thumb/v7e-m+fp/hard\libc_nano.a(libc_a-stdio.o)
                0x0000000008008f02                __seofread
 .text.__swrite
                0x0000000008008f06       0x38 C:/ST/STM32CubeIDE_1.14.0/STM32CubeIDE/plugins/com.st.stm32cube.ide.mcu.externaltools.gnu-tools-for-stm32.11.3.rel1.win32_1.1.100.202309141235/tools/bin/../lib/gcc/arm-none-eabi/11.3.1/../../../../arm-none-eabi/lib/thumb/v7e-m+fp/hard\libc_nano.a(libc_a-stdio.o)
                0x0000000008008f06                __swrite
 .text.__sseek  0x0000000008008f3e       0x24 C:/ST/STM32CubeIDE_1.14.0/STM32CubeIDE/plugins/com.st.stm32cube.ide.mcu.externaltools.gnu-tools-for-stm32.11.3.rel1.win32_1.1.100.202309141235/tools/bin/../lib/gcc/arm-none-eabi/11.3.1/../../../../arm-none-eabi/lib/thumb/v7e-m+fp/hard\libc_nano.a(libc_a-stdio.o)
                0x0000000008008f3e                __sseek
 .text.__sclose
                0x0000000008008f62        0x8 C:/ST/STM32CubeIDE_1.14.0/STM32CubeIDE/plugins/com.st.stm32cube.ide.mcu.externaltools.gnu-tools-for-stm32.11.3.rel1.win32_1.1.100.202309141235/tools/bin/../lib/gcc/arm-none-eabi/11.3.1/../../../../arm-none-eabi/lib/thumb/v7e-m+fp/hard\libc_nano.a(libc_a-stdio.o)
                0x0000000008008f62                __sclose
 .text.__swbuf_r
                0x0000000008008f6a       0x7a C:/ST/STM32CubeIDE_1.14.0/STM32CubeIDE/plugins/com.st.stm32cube.ide.mcu.externaltools.gnu-tools-for-stm32.11.3.rel1.win32_1.1.100.202309141235/tools/bin/../lib/gcc/arm-none-eabi/11.3.1/../../../../arm-none-eabi/lib/thumb/v7e-m+fp/hard\libc_nano.a(libc_a-wbuf.o)
                0x0000000008008f6a                __swbuf_r
 .text.__swsetup_r
                0x0000000008008fe4       0xb0 C:/ST/STM32CubeIDE_1.14.0/STM32CubeIDE/plugins/com.st.stm32cube.ide.mcu.externaltools.gnu-tools-for-stm32.11.3.rel1.win32_1.1.100.202309141235/tools/bin/../lib/gcc/arm-none-eabi/11.3.1/../../../../arm-none-eabi/lib/thumb/v7e-m+fp/hard\libc_nano.a(libc_a-wsetup.o)
                0x0000000008008fe4                __swsetup_r
 .text.memset   0x0000000008009094       0x10 C:/ST/STM32CubeIDE_1.14.0/STM32CubeIDE/plugins/com.st.stm32cube.ide.mcu.externaltools.gnu-tools-for-stm32.11.3.rel1.win32_1.1.100.202309141235/tools/bin/../lib/gcc/arm-none-eabi/11.3.1/../../../../arm-none-eabi/lib/thumb/v7e-m+fp/hard\libc_nano.a(libc_a-memset.o)
                0x0000000008009094                memset
 .text._close_r
                0x00000000080090a4       0x20 C:/ST/STM32CubeIDE_1.14.0/STM32CubeIDE/plugins/com.st.stm32cube.ide.mcu.externaltools.gnu-tools-for-stm32.11.3.rel1.win32_1.1.100.202309141235/tools/bin/../lib/gcc/arm-none-eabi/11.3.1/../../../../arm-none-eabi/lib/thumb/v7e-m+fp/hard\libc_nano.a(libc_a-closer.o)
                0x00000000080090a4                _close_r
 .text._lseek_r
                0x00000000080090c4       0x24 C:/ST/STM32CubeIDE_1.14.0/STM32CubeIDE/plugins/com.st.stm32cube.ide.mcu.externaltools.gnu-tools-for-stm32.11.3.rel1.win32_1.1.100.202309141235/tools/bin/../lib/gcc/arm-none-eabi/11.3.1/../../../../arm-none-eabi/lib/thumb/v7e-m+fp/hard\libc_nano.a(libc_a-lseekr.o)
                0x00000000080090c4                _lseek_r
 .text._read_r  0x00000000080090e8       0x24 C:/ST/STM32CubeIDE_1.14.0/STM32CubeIDE/plugins/com.st.stm32cube.ide.mcu.externaltools.gnu-tools-for-stm32.11.3.rel1.win32_1.1.100.202309141235/tools/bin/../lib/gcc/arm-none-eabi/11.3.1/../../../../arm-none-eabi/lib/thumb/v7e-m+fp/hard\libc_nano.a(libc_a-readr.o)
                0x00000000080090e8                _read_r
 .text._write_r
                0x000000000800910c       0x24 C:/ST/STM32CubeIDE_1.14.0/STM32CubeIDE/plugins/com.st.stm32cube.ide.mcu.externaltools.gnu-tools-for-stm32.11.3.rel1.win32_1.1.100.202309141235/tools/bin/../lib/gcc/arm-none-eabi/11.3.1/../../../../arm-none-eabi/lib/thumb/v7e-m+fp/hard\libc_nano.a(libc_a-writer.o)
                0x000000000800910c                _write_r
 .text.__errno  0x0000000008009130        0xc C:/ST/STM32CubeIDE_1.14.0/STM32CubeIDE/plugins/com.st.stm32cube.ide.mcu.externaltools.gnu-tools-for-stm32.11.3.rel1.win32_1.1.100.202309141235/tools/bin/../lib/gcc/arm-none-eabi/11.3.1/../../../../arm-none-eabi/lib/thumb/v7e-m+fp/hard\libc_nano.a(libc_a-errno.o)
                0x0000000008009130                __errno
 .text.__libc_init_array
                0x000000000800913c       0x48 C:/ST/STM32CubeIDE_1.14.0/STM32CubeIDE/plugins/com.st.stm32cube.ide.mcu.externaltools.gnu-tools-for-stm32.11.3.rel1.win32_1.1.100.202309141235/tools/bin/../lib/gcc/arm-none-eabi/11.3.1/../../../../arm-none-eabi/lib/thumb/v7e-m+fp/hard\libc_nano.a(libc_a-init.o)
                0x000000000800913c                __libc_init_array
 .text.__retarget_lock_init_recursive
                0x0000000008009184        0x2 C:/ST/STM32CubeIDE_1.14.0/STM32CubeIDE/plugins/com.st.stm32cube.ide.mcu.externaltools.gnu-tools-for-stm32.11.3.rel1.win32_1.1.100.202309141235/tools/bin/../lib/gcc/arm-none-eabi/11.3.1/../../../../arm-none-eabi/lib/thumb/v7e-m+fp/hard\libc_nano.a(libc_a-lock.o)
                0x0000000008009184                __retarget_lock_init_recursive
 .text.__retarget_lock_acquire_recursive
                0x0000000008009186        0x2 C:/ST/STM32CubeIDE_1.14.0/STM32CubeIDE/plugins/com.st.stm32cube.ide.mcu.externaltools.gnu-tools-for-stm32.11.3.rel1.win32_1.1.100.202309141235/tools/bin/../lib/gcc/arm-none-eabi/11.3.1/../../../../arm-none-eabi/lib/thumb/v7e-m+fp/hard\libc_nano.a(libc_a-lock.o)
                0x0000000008009186                __retarget_lock_acquire_recursive
 .text.__retarget_lock_release_recursive
                0x0000000008009188        0x2 C:/ST/STM32CubeIDE_1.14.0/STM32CubeIDE/plugins/com.st.stm32cube.ide.mcu.externaltools.gnu-tools-for-stm32.11.3.rel1.win32_1.1.100.202309141235/tools/bin/../lib/gcc/arm-none-eabi/11.3.1/../../../../arm-none-eabi/lib/thumb/v7e-m+fp/hard\libc_nano.a(libc_a-lock.o)
                0x0000000008009188                __retarget_lock_release_recursive
 .text.memcpy   0x000000000800918a       0x1c C:/ST/STM32CubeIDE_1.14.0/STM32CubeIDE/plugins/com.st.stm32cube.ide.mcu.externaltools.gnu-tools-for-stm32.11.3.rel1.win32_1.1.100.202309141235/tools/bin/../lib/gcc/arm-none-eabi/11.3.1/../../../../arm-none-eabi/lib/thumb/v7e-m+fp/hard\libc_nano.a(libc_a-memcpy-stub.o)
                0x000000000800918a                memcpy
 *fill*         0x00000000080091a6        0x2 
 .text._free_r  0x00000000080091a8       0x98 C:/ST/STM32CubeIDE_1.14.0/STM32CubeIDE/plugins/com.st.stm32cube.ide.mcu.externaltools.gnu-tools-for-stm32.11.3.rel1.win32_1.1.100.202309141235/tools/bin/../lib/gcc/arm-none-eabi/11.3.1/../../../../arm-none-eabi/lib/thumb/v7e-m+fp/hard\libc_nano.a(libc_a-freer.o)
                0x00000000080091a8                _free_r
 .text.sbrk_aligned
                0x0000000008009240       0x40 C:/ST/STM32CubeIDE_1.14.0/STM32CubeIDE/plugins/com.st.stm32cube.ide.mcu.externaltools.gnu-tools-for-stm32.11.3.rel1.win32_1.1.100.202309141235/tools/bin/../lib/gcc/arm-none-eabi/11.3.1/../../../../arm-none-eabi/lib/thumb/v7e-m+fp/hard\libc_nano.a(libc_a-mallocr.o)
 .text._malloc_r
                0x0000000008009280      0x100 C:/ST/STM32CubeIDE_1.14.0/STM32CubeIDE/plugins/com.st.stm32cube.ide.mcu.externaltools.gnu-tools-for-stm32.11.3.rel1.win32_1.1.100.202309141235/tools/bin/../lib/gcc/arm-none-eabi/11.3.1/../../../../arm-none-eabi/lib/thumb/v7e-m+fp/hard\libc_nano.a(libc_a-mallocr.o)
                0x0000000008009280                _malloc_r
 .text.__malloc_lock
                0x0000000008009380        0xc C:/ST/STM32CubeIDE_1.14.0/STM32CubeIDE/plugins/com.st.stm32cube.ide.mcu.externaltools.gnu-tools-for-stm32.11.3.rel1.win32_1.1.100.202309141235/tools/bin/../lib/gcc/arm-none-eabi/11.3.1/../../../../arm-none-eabi/lib/thumb/v7e-m+fp/hard\libc_nano.a(libc_a-mlock.o)
                0x0000000008009380                __malloc_lock
 .text.__malloc_unlock
                0x000000000800938c        0xc C:/ST/STM32CubeIDE_1.14.0/STM32CubeIDE/plugins/com.st.stm32cube.ide.mcu.externaltools.gnu-tools-for-stm32.11.3.rel1.win32_1.1.100.202309141235/tools/bin/../lib/gcc/arm-none-eabi/11.3.1/../../../../arm-none-eabi/lib/thumb/v7e-m+fp/hard\libc_nano.a(libc_a-mlock.o)
                0x000000000800938c                __malloc_unlock
 .text.__ssputs_r
                0x0000000008009398       0xb4 C:/ST/STM32CubeIDE_1.14.0/STM32CubeIDE/plugins/com.st.stm32cube.ide.mcu.externaltools.gnu-tools-for-stm32.11.3.rel1.win32_1.1.100.202309141235/tools/bin/../lib/gcc/arm-none-eabi/11.3.1/../../../../arm-none-eabi/lib/thumb/v7e-m+fp/hard\libc_nano.a(libc_a-nano-svfprintf.o)
                0x0000000008009398                __ssputs_r
 .text._svfprintf_r
                0x000000000800944c      0x1fc C:/ST/STM32CubeIDE_1.14.0/STM32CubeIDE/plugins/com.st.stm32cube.ide.mcu.externaltools.gnu-tools-for-stm32.11.3.rel1.win32_1.1.100.202309141235/tools/bin/../lib/gcc/arm-none-eabi/11.3.1/../../../../arm-none-eabi/lib/thumb/v7e-m+fp/hard\libc_nano.a(libc_a-nano-svfprintf.o)
                0x000000000800944c                _svfiprintf_r
                0x000000000800944c                _svfprintf_r
 .text._sungetc_r
                0x0000000008009648       0x7a C:/ST/STM32CubeIDE_1.14.0/STM32CubeIDE/plugins/com.st.stm32cube.ide.mcu.externaltools.gnu-tools-for-stm32.11.3.rel1.win32_1.1.100.202309141235/tools/bin/../lib/gcc/arm-none-eabi/11.3.1/../../../../arm-none-eabi/lib/thumb/v7e-m+fp/hard\libc_nano.a(libc_a-nano-svfscanf.o)
                0x0000000008009648                _sungetc_r
 .text.__ssrefill_r
                0x00000000080096c2       0x3a C:/ST/STM32CubeIDE_1.14.0/STM32CubeIDE/plugins/com.st.stm32cube.ide.mcu.externaltools.gnu-tools-for-stm32.11.3.rel1.win32_1.1.100.202309141235/tools/bin/../lib/gcc/arm-none-eabi/11.3.1/../../../../arm-none-eabi/lib/thumb/v7e-m+fp/hard\libc_nano.a(libc_a-nano-svfscanf.o)
                0x00000000080096c2                __ssrefill_r
 .text.__ssvfscanf_r
                0x00000000080096fc      0x2f0 C:/ST/STM32CubeIDE_1.14.0/STM32CubeIDE/plugins/com.st.stm32cube.ide.mcu.externaltools.gnu-tools-for-stm32.11.3.rel1.win32_1.1.100.202309141235/tools/bin/../lib/gcc/arm-none-eabi/11.3.1/../../../../arm-none-eabi/lib/thumb/v7e-m+fp/hard\libc_nano.a(libc_a-nano-svfscanf.o)
                0x00000000080096fc                __ssvfiscanf_r
                0x00000000080096fc                __ssvfscanf_r
 .text._printf_common
                0x00000000080099ec       0xda C:/ST/STM32CubeIDE_1.14.0/STM32CubeIDE/plugins/com.st.stm32cube.ide.mcu.externaltools.gnu-tools-for-stm32.11.3.rel1.win32_1.1.100.202309141235/tools/bin/../lib/gcc/arm-none-eabi/11.3.1/../../../../arm-none-eabi/lib/thumb/v7e-m+fp/hard\libc_nano.a(libc_a-nano-vfprintf_i.o)
                0x00000000080099ec                _printf_common
 *fill*         0x0000000008009ac6        0x2 
 .text._printf_i
                0x0000000008009ac8      0x244 C:/ST/STM32CubeIDE_1.14.0/STM32CubeIDE/plugins/com.st.stm32cube.ide.mcu.externaltools.gnu-tools-for-stm32.11.3.rel1.win32_1.1.100.202309141235/tools/bin/../lib/gcc/arm-none-eabi/11.3.1/../../../../arm-none-eabi/lib/thumb/v7e-m+fp/hard\libc_nano.a(libc_a-nano-vfprintf_i.o)
                0x0000000008009ac8                _printf_i
 .text._scanf_chars
                0x0000000008009d0c       0xb4 C:/ST/STM32CubeIDE_1.14.0/STM32CubeIDE/plugins/com.st.stm32cube.ide.mcu.externaltools.gnu-tools-for-stm32.11.3.rel1.win32_1.1.100.202309141235/tools/bin/../lib/gcc/arm-none-eabi/11.3.1/../../../../arm-none-eabi/lib/thumb/v7e-m+fp/hard\libc_nano.a(libc_a-nano-vfscanf_i.o)
                0x0000000008009d0c                _scanf_chars
 .text._scanf_i
                0x0000000008009dc0      0x1e8 C:/ST/STM32CubeIDE_1.14.0/STM32CubeIDE/plugins/com.st.stm32cube.ide.mcu.externaltools.gnu-tools-for-stm32.11.3.rel1.win32_1.1.100.202309141235/tools/bin/../lib/gcc/arm-none-eabi/11.3.1/../../../../arm-none-eabi/lib/thumb/v7e-m+fp/hard\libc_nano.a(libc_a-nano-vfscanf_i.o)
                0x0000000008009dc0                _scanf_i
 .text.__sflush_r
                0x0000000008009fa8      0x10c C:/ST/STM32CubeIDE_1.14.0/STM32CubeIDE/plugins/com.st.stm32cube.ide.mcu.externaltools.gnu-tools-for-stm32.11.3.rel1.win32_1.1.100.202309141235/tools/bin/../lib/gcc/arm-none-eabi/11.3.1/../../../../arm-none-eabi/lib/thumb/v7e-m+fp/hard\libc_nano.a(libc_a-fflush.o)
                0x0000000008009fa8                __sflush_r
 .text._fflush_r
                0x000000000800a0b4       0x50 C:/ST/STM32CubeIDE_1.14.0/STM32CubeIDE/plugins/com.st.stm32cube.ide.mcu.externaltools.gnu-tools-for-stm32.11.3.rel1.win32_1.1.100.202309141235/tools/bin/../lib/gcc/arm-none-eabi/11.3.1/../../../../arm-none-eabi/lib/thumb/v7e-m+fp/hard\libc_nano.a(libc_a-fflush.o)
                0x000000000800a0b4                _fflush_r
 .text.__swhatbuf_r
                0x000000000800a104       0x4c C:/ST/STM32CubeIDE_1.14.0/STM32CubeIDE/plugins/com.st.stm32cube.ide.mcu.externaltools.gnu-tools-for-stm32.11.3.rel1.win32_1.1.100.202309141235/tools/bin/../lib/gcc/arm-none-eabi/11.3.1/../../../../arm-none-eabi/lib/thumb/v7e-m+fp/hard\libc_nano.a(libc_a-makebuf.o)
                0x000000000800a104                __swhatbuf_r
 .text.__smakebuf_r
                0x000000000800a150       0x78 C:/ST/STM32CubeIDE_1.14.0/STM32CubeIDE/plugins/com.st.stm32cube.ide.mcu.externaltools.gnu-tools-for-stm32.11.3.rel1.win32_1.1.100.202309141235/tools/bin/../lib/gcc/arm-none-eabi/11.3.1/../../../../arm-none-eabi/lib/thumb/v7e-m+fp/hard\libc_nano.a(libc_a-makebuf.o)
                0x000000000800a150                __smakebuf_r
 .text.__sccl   0x000000000800a1c8       0x72 C:/ST/STM32CubeIDE_1.14.0/STM32CubeIDE/plugins/com.st.stm32cube.ide.mcu.externaltools.gnu-tools-for-stm32.11.3.rel1.win32_1.1.100.202309141235/tools/bin/../lib/gcc/arm-none-eabi/11.3.1/../../../../arm-none-eabi/lib/thumb/v7e-m+fp/hard\libc_nano.a(libc_a-sccl.o)
                0x000000000800a1c8                __sccl
 .text.__submore
                0x000000000800a23a       0x74 C:/ST/STM32CubeIDE_1.14.0/STM32CubeIDE/plugins/com.st.stm32cube.ide.mcu.externaltools.gnu-tools-for-stm32.11.3.rel1.win32_1.1.100.202309141235/tools/bin/../lib/gcc/arm-none-eabi/11.3.1/../../../../arm-none-eabi/lib/thumb/v7e-m+fp/hard\libc_nano.a(libc_a-ungetc.o)
                0x000000000800a23a                __submore
 .text.memmove  0x000000000800a2ae       0x34 C:/ST/STM32CubeIDE_1.14.0/STM32CubeIDE/plugins/com.st.stm32cube.ide.mcu.externaltools.gnu-tools-for-stm32.11.3.rel1.win32_1.1.100.202309141235/tools/bin/../lib/gcc/arm-none-eabi/11.3.1/../../../../arm-none-eabi/lib/thumb/v7e-m+fp/hard\libc_nano.a(libc_a-memmove.o)
                0x000000000800a2ae                memmove
 *fill*         0x000000000800a2e2        0x2 
 .text._fstat_r
                0x000000000800a2e4       0x24 C:/ST/STM32CubeIDE_1.14.0/STM32CubeIDE/plugins/com.st.stm32cube.ide.mcu.externaltools.gnu-tools-for-stm32.11.3.rel1.win32_1.1.100.202309141235/tools/bin/../lib/gcc/arm-none-eabi/11.3.1/../../../../arm-none-eabi/lib/thumb/v7e-m+fp/hard\libc_nano.a(libc_a-fstatr.o)
                0x000000000800a2e4                _fstat_r
 .text._isatty_r
                0x000000000800a308       0x20 C:/ST/STM32CubeIDE_1.14.0/STM32CubeIDE/plugins/com.st.stm32cube.ide.mcu.externaltools.gnu-tools-for-stm32.11.3.rel1.win32_1.1.100.202309141235/tools/bin/../lib/gcc/arm-none-eabi/11.3.1/../../../../arm-none-eabi/lib/thumb/v7e-m+fp/hard\libc_nano.a(libc_a-isattyr.o)
                0x000000000800a308                _isatty_r
 .text._sbrk_r  0x000000000800a328       0x20 C:/ST/STM32CubeIDE_1.14.0/STM32CubeIDE/plugins/com.st.stm32cube.ide.mcu.externaltools.gnu-tools-for-stm32.11.3.rel1.win32_1.1.100.202309141235/tools/bin/../lib/gcc/arm-none-eabi/11.3.1/../../../../arm-none-eabi/lib/thumb/v7e-m+fp/hard\libc_nano.a(libc_a-sbrkr.o)
                0x000000000800a328                _sbrk_r
 .text._realloc_r
                0x000000000800a348       0x5e C:/ST/STM32CubeIDE_1.14.0/STM32CubeIDE/plugins/com.st.stm32cube.ide.mcu.externaltools.gnu-tools-for-stm32.11.3.rel1.win32_1.1.100.202309141235/tools/bin/../lib/gcc/arm-none-eabi/11.3.1/../../../../arm-none-eabi/lib/thumb/v7e-m+fp/hard\libc_nano.a(libc_a-reallocr.o)
                0x000000000800a348                _realloc_r
 *fill*         0x000000000800a3a6        0x2 
 .text._strtol_l.constprop.0
                0x000000000800a3a8      0x104 C:/ST/STM32CubeIDE_1.14.0/STM32CubeIDE/plugins/com.st.stm32cube.ide.mcu.externaltools.gnu-tools-for-stm32.11.3.rel1.win32_1.1.100.202309141235/tools/bin/../lib/gcc/arm-none-eabi/11.3.1/../../../../arm-none-eabi/lib/thumb/v7e-m+fp/hard\libc_nano.a(libc_a-strtol.o)
 .text._strtol_r
                0x000000000800a4ac        0x4 C:/ST/STM32CubeIDE_1.14.0/STM32CubeIDE/plugins/com.st.stm32cube.ide.mcu.externaltools.gnu-tools-for-stm32.11.3.rel1.win32_1.1.100.202309141235/tools/bin/../lib/gcc/arm-none-eabi/11.3.1/../../../../arm-none-eabi/lib/thumb/v7e-m+fp/hard\libc_nano.a(libc_a-strtol.o)
                0x000000000800a4ac                _strtol_r
 .text._strtoul_l.constprop.0
                0x000000000800a4b0       0xe4 C:/ST/STM32CubeIDE_1.14.0/STM32CubeIDE/plugins/com.st.stm32cube.ide.mcu.externaltools.gnu-tools-for-stm32.11.3.rel1.win32_1.1.100.202309141235/tools/bin/../lib/gcc/arm-none-eabi/11.3.1/../../../../arm-none-eabi/lib/thumb/v7e-m+fp/hard\libc_nano.a(libc_a-strtoul.o)
 .text._strtoul_r
                0x000000000800a594        0x4 C:/ST/STM32CubeIDE_1.14.0/STM32CubeIDE/plugins/com.st.stm32cube.ide.mcu.externaltools.gnu-tools-for-stm32.11.3.rel1.win32_1.1.100.202309141235/tools/bin/../lib/gcc/arm-none-eabi/11.3.1/../../../../arm-none-eabi/lib/thumb/v7e-m+fp/hard\libc_nano.a(libc_a-strtoul.o)
                0x000000000800a594                _strtoul_r
 .text._malloc_usable_size_r
                0x000000000800a598       0x10 C:/ST/STM32CubeIDE_1.14.0/STM32CubeIDE/plugins/com.st.stm32cube.ide.mcu.externaltools.gnu-tools-for-stm32.11.3.rel1.win32_1.1.100.202309141235/tools/bin/../lib/gcc/arm-none-eabi/11.3.1/../../../../arm-none-eabi/lib/thumb/v7e-m+fp/hard\libc_nano.a(libc_a-msizer.o)
                0x000000000800a598                _malloc_usable_size_r
 *(.glue_7)
 .glue_7        0x000000000800a5a8        0x0 linker stubs
 *(.glue_7t)
 .glue_7t       0x000000000800a5a8        0x0 linker stubs
 *(.eh_frame)
 .eh_frame      0x000000000800a5a8        0x0 C:/ST/STM32CubeIDE_1.14.0/STM32CubeIDE/plugins/com.st.stm32cube.ide.mcu.externaltools.gnu-tools-for-stm32.11.3.rel1.win32_1.1.100.202309141235/tools/bin/../lib/gcc/arm-none-eabi/11.3.1/thumb/v7e-m+fp/hard/crtbegin.o
 *(.init)
 .init          0x000000000800a5a8        0x4 C:/ST/STM32CubeIDE_1.14.0/STM32CubeIDE/plugins/com.st.stm32cube.ide.mcu.externaltools.gnu-tools-for-stm32.11.3.rel1.win32_1.1.100.202309141235/tools/bin/../lib/gcc/arm-none-eabi/11.3.1/thumb/v7e-m+fp/hard/crti.o
                0x000000000800a5a8                _init
 .init          0x000000000800a5ac        0x8 C:/ST/STM32CubeIDE_1.14.0/STM32CubeIDE/plugins/com.st.stm32cube.ide.mcu.externaltools.gnu-tools-for-stm32.11.3.rel1.win32_1.1.100.202309141235/tools/bin/../lib/gcc/arm-none-eabi/11.3.1/thumb/v7e-m+fp/hard/crtn.o
 *(.fini)
 .fini          0x000000000800a5b4        0x4 C:/ST/STM32CubeIDE_1.14.0/STM32CubeIDE/plugins/com.st.stm32cube.ide.mcu.externaltools.gnu-tools-for-stm32.11.3.rel1.win32_1.1.100.202309141235/tools/bin/../lib/gcc/arm-none-eabi/11.3.1/thumb/v7e-m+fp/hard/crti.o
                0x000000000800a5b4                _fini
 .fini          0x000000000800a5b8        0x8 C:/ST/STM32CubeIDE_1.14.0/STM32CubeIDE/plugins/com.st.stm32cube.ide.mcu.externaltools.gnu-tools-for-stm32.11.3.rel1.win32_1.1.100.202309141235/tools/bin/../lib/gcc/arm-none-eabi/11.3.1/thumb/v7e-m+fp/hard/crtn.o
                0x000000000800a5c0                . = ALIGN (0x4)
                0x000000000800a5c0                _etext = .

.vfp11_veneer   0x000000000800a5c0        0x0
 .vfp11_veneer  0x000000000800a5c0        0x0 linker stubs

.v4_bx          0x000000000800a5c0        0x0
 .v4_bx         0x000000000800a5c0        0x0 linker stubs

.iplt           0x000000000800a5c0        0x0
 .iplt          0x000000000800a5c0        0x0 C:/ST/STM32CubeIDE_1.14.0/STM32CubeIDE/plugins/com.st.stm32cube.ide.mcu.externaltools.gnu-tools-for-stm32.11.3.rel1.win32_1.1.100.202309141235/tools/bin/../lib/gcc/arm-none-eabi/11.3.1/thumb/v7e-m+fp/hard/crtbegin.o

.rodata         0x000000000800a5c0      0x454
                0x000000000800a5c0                . = ALIGN (0x4)
 *(.rodata)
 .rodata        0x000000000800a5c0       0x1a ./Core/Src/dht11.o
 *fill*         0x000000000800a5da        0x2 
 .rodata        0x000000000800a5dc      0x11d ./Core/Src/main.o
 *fill*         0x000000000800a6f9        0x3 
 .rodata        0x000000000800a6fc        0x5 ./Middlewares/Third_Party/FreeRTOS/Source/tasks.o
 *fill*         0x000000000800a701        0x3 
 .rodata        0x000000000800a704        0xd ./Middlewares/Third_Party/FreeRTOS/Source/timers.o
 *fill*         0x000000000800a711        0x3 
 .rodata        0x000000000800a714        0xc C:/ST/STM32CubeIDE_1.14.0/STM32CubeIDE/plugins/com.st.stm32cube.ide.mcu.externaltools.gnu-tools-for-stm32.11.3.rel1.win32_1.1.100.202309141235/tools/bin/../lib/gcc/arm-none-eabi/11.3.1/../../../../arm-none-eabi/lib/thumb/v7e-m+fp/hard\libc_nano.a(libc_a-nano-vfscanf_i.o)
 *(.rodata*)
 .rodata.uart_TX_task_attributes
                0x000000000800a720       0x24 ./Core/Src/main.o
                0x000000000800a720                uart_TX_task_attributes
 .rodata.uart_RX_task_attributes
                0x000000000800a744       0x24 ./Core/Src/main.o
                0x000000000800a744                uart_RX_task_attributes
 .rodata.control_task_attributes
                0x000000000800a768       0x24 ./Core/Src/main.o
                0x000000000800a768                control_task_attributes
 .rodata.dht11_task_attributes
                0x000000000800a78c       0x24 ./Core/Src/main.o
                0x000000000800a78c                dht11_task_attributes
 .rodata.waterLavel_task_attributes
                0x000000000800a7b0       0x24 ./Core/Src/main.o
                0x000000000800a7b0                waterLavel_task_attributes
 .rodata.lcd_task_attributes
                0x000000000800a7d4       0x24 ./Core/Src/main.o
                0x000000000800a7d4                lcd_task_attributes
 .rodata.emptyDrum_task_attributes
                0x000000000800a7f8       0x24 ./Core/Src/main.o
                0x000000000800a7f8                emptyDrum_task_attributes
 .rodata.Q_control_TX_attributes
                0x000000000800a81c       0x18 ./Core/Src/main.o
                0x000000000800a81c                Q_control_TX_attributes
 .rodata.Q_RX_control_attributes
                0x000000000800a834       0x18 ./Core/Src/main.o
                0x000000000800a834                Q_RX_control_attributes
 .rodata.Q_dht11_control_attributes
                0x000000000800a84c       0x18 ./Core/Src/main.o
                0x000000000800a84c                Q_dht11_control_attributes
 .rodata.Q_waterLevel_control_attributes
                0x000000000800a864       0x18 ./Core/Src/main.o
                0x000000000800a864                Q_waterLevel_control_attributes
 .rodata.mutex_waterArea_attributes
                0x000000000800a87c       0x10 ./Core/Src/main.o
                0x000000000800a87c                mutex_waterArea_attributes
 .rodata.mutex_delayTrasmit_attributes
                0x000000000800a88c       0x10 ./Core/Src/main.o
                0x000000000800a88c                mutex_delayTrasmit_attributes
 .rodata.myEventFlag_attributes
                0x000000000800a89c       0x10 ./Core/Src/main.o
                0x000000000800a89c                myEventFlag_attributes
 .rodata.AHBPrescTable
                0x000000000800a8ac       0x10 ./Core/Src/system_stm32f4xx.o
                0x000000000800a8ac                AHBPrescTable
 .rodata.APBPrescTable
                0x000000000800a8bc        0x8 ./Core/Src/system_stm32f4xx.o
                0x000000000800a8bc                APBPrescTable
 .rodata._svfprintf_r.str1.1
                0x000000000800a8c4       0x11 C:/ST/STM32CubeIDE_1.14.0/STM32CubeIDE/plugins/com.st.stm32cube.ide.mcu.externaltools.gnu-tools-for-stm32.11.3.rel1.win32_1.1.100.202309141235/tools/bin/../lib/gcc/arm-none-eabi/11.3.1/../../../../arm-none-eabi/lib/thumb/v7e-m+fp/hard\libc_nano.a(libc_a-nano-svfprintf.o)
 .rodata.__ssvfscanf_r.str1.1
                0x000000000800a8d5        0x4 C:/ST/STM32CubeIDE_1.14.0/STM32CubeIDE/plugins/com.st.stm32cube.ide.mcu.externaltools.gnu-tools-for-stm32.11.3.rel1.win32_1.1.100.202309141235/tools/bin/../lib/gcc/arm-none-eabi/11.3.1/../../../../arm-none-eabi/lib/thumb/v7e-m+fp/hard\libc_nano.a(libc_a-nano-svfscanf.o)
 .rodata._printf_i.str1.1
                0x000000000800a8d5       0x22 C:/ST/STM32CubeIDE_1.14.0/STM32CubeIDE/plugins/com.st.stm32cube.ide.mcu.externaltools.gnu-tools-for-stm32.11.3.rel1.win32_1.1.100.202309141235/tools/bin/../lib/gcc/arm-none-eabi/11.3.1/../../../../arm-none-eabi/lib/thumb/v7e-m+fp/hard\libc_nano.a(libc_a-nano-vfprintf_i.o)
 .rodata._scanf_i.str1.1
                0x000000000800a8f7       0x12 C:/ST/STM32CubeIDE_1.14.0/STM32CubeIDE/plugins/com.st.stm32cube.ide.mcu.externaltools.gnu-tools-for-stm32.11.3.rel1.win32_1.1.100.202309141235/tools/bin/../lib/gcc/arm-none-eabi/11.3.1/../../../../arm-none-eabi/lib/thumb/v7e-m+fp/hard\libc_nano.a(libc_a-nano-vfscanf_i.o)
 .rodata.str1.1
                0x000000000800a909        0x9 C:/ST/STM32CubeIDE_1.14.0/STM32CubeIDE/plugins/com.st.stm32cube.ide.mcu.externaltools.gnu-tools-for-stm32.11.3.rel1.win32_1.1.100.202309141235/tools/bin/../lib/gcc/arm-none-eabi/11.3.1/../../../../arm-none-eabi/lib/thumb/v7e-m+fp/hard\libc_nano.a(libc_a-nano-vfscanf_i.o)
 .rodata._ctype_
                0x000000000800a912      0x101 C:/ST/STM32CubeIDE_1.14.0/STM32CubeIDE/plugins/com.st.stm32cube.ide.mcu.externaltools.gnu-tools-for-stm32.11.3.rel1.win32_1.1.100.202309141235/tools/bin/../lib/gcc/arm-none-eabi/11.3.1/../../../../arm-none-eabi/lib/thumb/v7e-m+fp/hard\libc_nano.a(libc_a-ctype_.o)
                0x000000000800a912                _ctype_
                0x000000000800aa14                . = ALIGN (0x4)
 *fill*         0x000000000800aa13        0x1 

.ARM.extab      0x000000000800aa14        0x0
                0x000000000800aa14                . = ALIGN (0x4)
 *(.ARM.extab* .gnu.linkonce.armextab.*)
                0x000000000800aa14                . = ALIGN (0x4)

.ARM            0x000000000800aa14        0x8
                0x000000000800aa14                . = ALIGN (0x4)
                0x000000000800aa14                __exidx_start = .
 *(.ARM.exidx*)
 .ARM.exidx     0x000000000800aa14        0x8 C:/ST/STM32CubeIDE_1.14.0/STM32CubeIDE/plugins/com.st.stm32cube.ide.mcu.externaltools.gnu-tools-for-stm32.11.3.rel1.win32_1.1.100.202309141235/tools/bin/../lib/gcc/arm-none-eabi/11.3.1/thumb/v7e-m+fp/hard\libgcc.a(_udivmoddi4.o)
                0x000000000800aa1c                __exidx_end = .
                0x000000000800aa1c                . = ALIGN (0x4)

.rel.dyn        0x000000000800aa1c        0x0
 .rel.iplt      0x000000000800aa1c        0x0 C:/ST/STM32CubeIDE_1.14.0/STM32CubeIDE/plugins/com.st.stm32cube.ide.mcu.externaltools.gnu-tools-for-stm32.11.3.rel1.win32_1.1.100.202309141235/tools/bin/../lib/gcc/arm-none-eabi/11.3.1/thumb/v7e-m+fp/hard/crtbegin.o

.preinit_array  0x000000000800aa1c        0x0
                0x000000000800aa1c                . = ALIGN (0x4)
                0x000000000800aa1c                PROVIDE (__preinit_array_start = .)
 *(.preinit_array*)
                0x000000000800aa1c                PROVIDE (__preinit_array_end = .)
                0x000000000800aa1c                . = ALIGN (0x4)

.init_array     0x000000000800aa1c        0x4
                0x000000000800aa1c                . = ALIGN (0x4)
                0x000000000800aa1c                PROVIDE (__init_array_start = .)
 *(SORT_BY_NAME(.init_array.*))
 *(.init_array*)
 .init_array    0x000000000800aa1c        0x4 C:/ST/STM32CubeIDE_1.14.0/STM32CubeIDE/plugins/com.st.stm32cube.ide.mcu.externaltools.gnu-tools-for-stm32.11.3.rel1.win32_1.1.100.202309141235/tools/bin/../lib/gcc/arm-none-eabi/11.3.1/thumb/v7e-m+fp/hard/crtbegin.o
                0x000000000800aa20                PROVIDE (__init_array_end = .)
                0x000000000800aa20                . = ALIGN (0x4)

.fini_array     0x000000000800aa20        0x4
                0x000000000800aa20                . = ALIGN (0x4)
                [!provide]                        PROVIDE (__fini_array_start = .)
 *(SORT_BY_NAME(.fini_array.*))
 *(.fini_array*)
 .fini_array    0x000000000800aa20        0x4 C:/ST/STM32CubeIDE_1.14.0/STM32CubeIDE/plugins/com.st.stm32cube.ide.mcu.externaltools.gnu-tools-for-stm32.11.3.rel1.win32_1.1.100.202309141235/tools/bin/../lib/gcc/arm-none-eabi/11.3.1/thumb/v7e-m+fp/hard/crtbegin.o
                [!provide]                        PROVIDE (__fini_array_end = .)
                0x000000000800aa24                . = ALIGN (0x4)
                0x000000000800aa24                _sidata = LOADADDR (.data)

.data           0x0000000020000000       0x6c load address 0x000000000800aa24
                0x0000000020000000                . = ALIGN (0x4)
                0x0000000020000000                _sdata = .
 *(.data)
 *(.data*)
 .data.SystemCoreClock
                0x0000000020000000        0x4 ./Core/Src/system_stm32f4xx.o
                0x0000000020000000                SystemCoreClock
 .data.uwTickPrio
                0x0000000020000004        0x4 ./Drivers/STM32F4xx_HAL_Driver/Src/stm32f4xx_hal.o
                0x0000000020000004                uwTickPrio
 .data.uwTickFreq
                0x0000000020000008        0x1 ./Drivers/STM32F4xx_HAL_Driver/Src/stm32f4xx_hal.o
                0x0000000020000008                uwTickFreq
 *fill*         0x0000000020000009        0x3 
 .data.uxCriticalNesting
                0x000000002000000c        0x4 ./Middlewares/Third_Party/FreeRTOS/Source/portable/GCC/ARM_CM4F/port.o
 .data.__sglue  0x0000000020000010        0xc C:/ST/STM32CubeIDE_1.14.0/STM32CubeIDE/plugins/com.st.stm32cube.ide.mcu.externaltools.gnu-tools-for-stm32.11.3.rel1.win32_1.1.100.202309141235/tools/bin/../lib/gcc/arm-none-eabi/11.3.1/../../../../arm-none-eabi/lib/thumb/v7e-m+fp/hard\libc_nano.a(libc_a-findfp.o)
                0x0000000020000010                __sglue
 .data._impure_data
                0x000000002000001c       0x4c C:/ST/STM32CubeIDE_1.14.0/STM32CubeIDE/plugins/com.st.stm32cube.ide.mcu.externaltools.gnu-tools-for-stm32.11.3.rel1.win32_1.1.100.202309141235/tools/bin/../lib/gcc/arm-none-eabi/11.3.1/../../../../arm-none-eabi/lib/thumb/v7e-m+fp/hard\libc_nano.a(libc_a-impure.o)
                0x000000002000001c                _impure_data
 .data._impure_ptr
                0x0000000020000068        0x4 C:/ST/STM32CubeIDE_1.14.0/STM32CubeIDE/plugins/com.st.stm32cube.ide.mcu.externaltools.gnu-tools-for-stm32.11.3.rel1.win32_1.1.100.202309141235/tools/bin/../lib/gcc/arm-none-eabi/11.3.1/../../../../arm-none-eabi/lib/thumb/v7e-m+fp/hard\libc_nano.a(libc_a-impure.o)
                0x0000000020000068                _impure_ptr
 *(.RamFunc)
 *(.RamFunc*)
                0x000000002000006c                . = ALIGN (0x4)
                0x000000002000006c                _edata = .

.igot.plt       0x000000002000006c        0x0 load address 0x000000000800aa90
 .igot.plt      0x000000002000006c        0x0 C:/ST/STM32CubeIDE_1.14.0/STM32CubeIDE/plugins/com.st.stm32cube.ide.mcu.externaltools.gnu-tools-for-stm32.11.3.rel1.win32_1.1.100.202309141235/tools/bin/../lib/gcc/arm-none-eabi/11.3.1/thumb/v7e-m+fp/hard/crtbegin.o
                0x000000002000006c                . = ALIGN (0x4)

.bss            0x000000002000006c     0x4c24 load address 0x000000000800aa90
                0x000000002000006c                _sbss = .
                0x000000002000006c                __bss_start__ = _sbss
 *(.bss)
 .bss           0x000000002000006c       0x1c C:/ST/STM32CubeIDE_1.14.0/STM32CubeIDE/plugins/com.st.stm32cube.ide.mcu.externaltools.gnu-tools-for-stm32.11.3.rel1.win32_1.1.100.202309141235/tools/bin/../lib/gcc/arm-none-eabi/11.3.1/thumb/v7e-m+fp/hard/crtbegin.o
 *(.bss*)
 .bss.estadoActual.1
                0x0000000020000088        0x1 ./Core/Src/dht11.o
 .bss.cnt_bit.0
                0x0000000020000089        0x1 ./Core/Src/dht11.o
 *fill*         0x000000002000008a        0x2 
 .bss.hadc1     0x000000002000008c       0x48 ./Core/Src/main.o
                0x000000002000008c                hadc1
 .bss.htim10    0x00000000200000d4       0x48 ./Core/Src/main.o
                0x00000000200000d4                htim10
 .bss.htim11    0x000000002000011c       0x48 ./Core/Src/main.o
                0x000000002000011c                htim11
 .bss.huart2    0x0000000020000164       0x48 ./Core/Src/main.o
                0x0000000020000164                huart2
 .bss.uart_TX_taskHandle
                0x00000000200001ac        0x4 ./Core/Src/main.o
                0x00000000200001ac                uart_TX_taskHandle
 .bss.uart_RX_taskHandle
                0x00000000200001b0        0x4 ./Core/Src/main.o
                0x00000000200001b0                uart_RX_taskHandle
 .bss.control_taskHandle
                0x00000000200001b4        0x4 ./Core/Src/main.o
                0x00000000200001b4                control_taskHandle
 .bss.dht11_taskHandle
                0x00000000200001b8        0x4 ./Core/Src/main.o
                0x00000000200001b8                dht11_taskHandle
 .bss.waterLavel_taskHandle
                0x00000000200001bc        0x4 ./Core/Src/main.o
                0x00000000200001bc                waterLavel_taskHandle
 .bss.lcd_taskHandle
                0x00000000200001c0        0x4 ./Core/Src/main.o
                0x00000000200001c0                lcd_taskHandle
 .bss.emptyDrum_taskHandle
                0x00000000200001c4        0x4 ./Core/Src/main.o
                0x00000000200001c4                emptyDrum_taskHandle
 .bss.Q_control_TXHandle
                0x00000000200001c8        0x4 ./Core/Src/main.o
                0x00000000200001c8                Q_control_TXHandle
 .bss.Q_RX_controlHandle
                0x00000000200001cc        0x4 ./Core/Src/main.o
                0x00000000200001cc                Q_RX_controlHandle
 .bss.Q_dht11_controlHandle
                0x00000000200001d0        0x4 ./Core/Src/main.o
                0x00000000200001d0                Q_dht11_controlHandle
 .bss.Q_waterLevel_controlHandle
                0x00000000200001d4        0x4 ./Core/Src/main.o
                0x00000000200001d4                Q_waterLevel_controlHandle
 .bss.mutex_waterAreaHandle
                0x00000000200001d8        0x4 ./Core/Src/main.o
                0x00000000200001d8                mutex_waterAreaHandle
 .bss.mutex_delayTrasmitHandle
                0x00000000200001dc        0x4 ./Core/Src/main.o
                0x00000000200001dc                mutex_delayTrasmitHandle
 .bss.myEventFlagHandle
                0x00000000200001e0        0x4 ./Core/Src/main.o
                0x00000000200001e0                myEventFlagHandle
 .bss.WaterArea
                0x00000000200001e4        0x1 ./Core/Src/main.o
                0x00000000200001e4                WaterArea
 *fill*         0x00000000200001e5        0x3 
 .bss.delayTrasmit
                0x00000000200001e8        0x4 ./Core/Src/main.o
                0x00000000200001e8                delayTrasmit
 .bss.__sbrk_heap_end
                0x00000000200001ec        0x4 ./Core/Src/sysmem.o
 .bss.uwTick    0x00000000200001f0        0x4 ./Drivers/STM32F4xx_HAL_Driver/Src/stm32f4xx_hal.o
                0x00000000200001f0                uwTick
 .bss.KernelState
                0x00000000200001f4        0x4 ./Middlewares/Third_Party/FreeRTOS/Source/CMSIS_RTOS_V2/cmsis_os2.o
 .bss.Idle_TCB.3
                0x00000000200001f8       0x5c ./Middlewares/Third_Party/FreeRTOS/Source/CMSIS_RTOS_V2/cmsis_os2.o
 .bss.Idle_Stack.2
                0x0000000020000254      0x200 ./Middlewares/Third_Party/FreeRTOS/Source/CMSIS_RTOS_V2/cmsis_os2.o
 .bss.Timer_TCB.1
                0x0000000020000454       0x5c ./Middlewares/Third_Party/FreeRTOS/Source/CMSIS_RTOS_V2/cmsis_os2.o
 .bss.Timer_Stack.0